Archive member included because of file (symbol)

c:/sjsu_dev/toolchain/bin/../lib/gcc/arm-none-eabi/4.9.3/../../../../arm-none-eabi/lib/armv7-m\libstdc++_nano.a(class_type_info.o)
                              ./L5_Application/source/remote.o (vtable for __cxxabiv1::__class_type_info)
c:/sjsu_dev/toolchain/bin/../lib/gcc/arm-none-eabi/4.9.3/../../../../arm-none-eabi/lib/armv7-m\libstdc++_nano.a(guard.o)
                              ./L5_Application/source/cmd_handlers/handlers.o (__cxa_guard_acquire)
c:/sjsu_dev/toolchain/bin/../lib/gcc/arm-none-eabi/4.9.3/../../../../arm-none-eabi/lib/armv7-m\libstdc++_nano.a(vmi_class_type_info.o)
                              ./L2_Drivers/src/nrf_stream.o (vtable for __cxxabiv1::__vmi_class_type_info)
c:/sjsu_dev/toolchain/bin/../lib/gcc/arm-none-eabi/4.9.3/../../../../arm-none-eabi/lib/armv7-m\libstdc++_nano.a(si_class_type_info.o)
                              ./L5_Application/source/remote.o (vtable for __cxxabiv1::__si_class_type_info)
c:/sjsu_dev/toolchain/bin/../lib/gcc/arm-none-eabi/4.9.3/../../../../arm-none-eabi/lib/armv7-m\libstdc++_nano.a(pure.o)
                              ./L3_Utils/src/scheduler_task.o (__cxa_pure_virtual)
c:/sjsu_dev/toolchain/bin/../lib/gcc/arm-none-eabi/4.9.3/../../../../arm-none-eabi/lib/armv7-m\libstdc++_nano.a(eh_terminate.o)
                              c:/sjsu_dev/toolchain/bin/../lib/gcc/arm-none-eabi/4.9.3/../../../../arm-none-eabi/lib/armv7-m\libstdc++_nano.a(pure.o) (std::terminate())
c:/sjsu_dev/toolchain/bin/../lib/gcc/arm-none-eabi/4.9.3/../../../../arm-none-eabi/lib/armv7-m\libstdc++_nano.a(tinfo.o)
                              c:/sjsu_dev/toolchain/bin/../lib/gcc/arm-none-eabi/4.9.3/../../../../arm-none-eabi/lib/armv7-m\libstdc++_nano.a(class_type_info.o) (std::type_info::~type_info())
c:/sjsu_dev/toolchain/bin/../lib/gcc/arm-none-eabi/4.9.3/../../../../arm-none-eabi/lib/armv7-m\libstdc++_nano.a(eh_unex_handler.o)
                              c:/sjsu_dev/toolchain/bin/../lib/gcc/arm-none-eabi/4.9.3/../../../../arm-none-eabi/lib/armv7-m\libstdc++_nano.a(eh_terminate.o) (__cxxabiv1::__unexpected_handler)
c:/sjsu_dev/toolchain/bin/../lib/gcc/arm-none-eabi/4.9.3/../../../../arm-none-eabi/lib/armv7-m\libstdc++_nano.a(eh_term_handler.o)
                              c:/sjsu_dev/toolchain/bin/../lib/gcc/arm-none-eabi/4.9.3/../../../../arm-none-eabi/lib/armv7-m\libstdc++_nano.a(eh_terminate.o) (__cxxabiv1::__terminate_handler)
c:/sjsu_dev/toolchain/bin/../lib/gcc/arm-none-eabi/4.9.3/armv7-m\libgcc.a(_ashldi3.o)
                              ./L0_LowLevel/source/lpc_peripherals.o (__aeabi_llsl)
c:/sjsu_dev/toolchain/bin/../lib/gcc/arm-none-eabi/4.9.3/armv7-m\libgcc.a(_arm_addsubdf3.o)
                              ./L2_Drivers/base/uart_dev.o (__aeabi_dadd)
c:/sjsu_dev/toolchain/bin/../lib/gcc/arm-none-eabi/4.9.3/armv7-m\libgcc.a(_arm_fixunsdfsi.o)
                              ./L2_Drivers/base/uart_dev.o (__aeabi_d2uiz)
c:/sjsu_dev/toolchain/bin/../lib/gcc/arm-none-eabi/4.9.3/armv7-m\libgcc.a(_arm_truncdfsf2.o)
                              ./L3_Utils/src/str.o (__aeabi_d2f)
c:/sjsu_dev/toolchain/bin/../lib/gcc/arm-none-eabi/4.9.3/armv7-m\libgcc.a(_arm_addsubsf3.o)
                              ./L5_Application/source/cmd_handlers/handlers.o (__aeabi_fsub)
c:/sjsu_dev/toolchain/bin/../lib/gcc/arm-none-eabi/4.9.3/armv7-m\libgcc.a(_arm_muldivsf3.o)
                              ./L5_Application/source/cmd_handlers/handlers.o (__aeabi_fmul)
c:/sjsu_dev/toolchain/bin/../lib/gcc/arm-none-eabi/4.9.3/armv7-m\libgcc.a(_arm_cmpsf2.o)
                              ./L3_Utils/src/str.o (__aeabi_fcmplt)
c:/sjsu_dev/toolchain/bin/../lib/gcc/arm-none-eabi/4.9.3/armv7-m\libgcc.a(_arm_fixsfsi.o)
                              ./L5_Application/source/cmd_handlers/handlers.o (__aeabi_f2iz)
c:/sjsu_dev/toolchain/bin/../lib/gcc/arm-none-eabi/4.9.3/armv7-m\libgcc.a(_arm_fixunssfsi.o)
                              ./L5_Application/source/high_level_init.o (__aeabi_f2uiz)
c:/sjsu_dev/toolchain/bin/../lib/gcc/arm-none-eabi/4.9.3/armv7-m\libgcc.a(_aeabi_uldivmod.o)
                              ./L5_Application/source/cmd_handlers/handlers.o (__aeabi_uldivmod)
c:/sjsu_dev/toolchain/bin/../lib/gcc/arm-none-eabi/4.9.3/armv7-m\libgcc.a(bpabi.o)
                              c:/sjsu_dev/toolchain/bin/../lib/gcc/arm-none-eabi/4.9.3/armv7-m\libgcc.a(_aeabi_uldivmod.o) (__gnu_uldivmod_helper)
c:/sjsu_dev/toolchain/bin/../lib/gcc/arm-none-eabi/4.9.3/armv7-m\libgcc.a(_dvmd_tls.o)
                              c:/sjsu_dev/toolchain/bin/../lib/gcc/arm-none-eabi/4.9.3/armv7-m\libgcc.a(_aeabi_uldivmod.o) (__aeabi_ldiv0)
c:/sjsu_dev/toolchain/bin/../lib/gcc/arm-none-eabi/4.9.3/armv7-m\libgcc.a(_divdi3.o)
                              c:/sjsu_dev/toolchain/bin/../lib/gcc/arm-none-eabi/4.9.3/armv7-m\libgcc.a(bpabi.o) (__divdi3)
c:/sjsu_dev/toolchain/bin/../lib/gcc/arm-none-eabi/4.9.3/armv7-m\libgcc.a(_udivdi3.o)
[...]
Memory Configuration

Name             Origin             Length             Attributes
FLASH            0x00010000         0x00070000         xr
SRAM             0x10000000         0x00008000         xrw
SRAM_AHB         0x2007c000         0x00008000         xrw
*default*        0x00000000         0xffffffff

Linker script and memory map

LOAD ./newlib/malloc_lock.o
LOAD ./newlib/memory.o
LOAD ./newlib/newlib_syscalls.o
LOAD ./newlib/newlib_time.o
LOAD ./L5_Application/source/cmd_handlers/handlers.o
LOAD ./L5_Application/source/cmd_handlers/prog_handlers.o
LOAD ./L5_Application/source/cmd_handlers/wireless_handlers.o
LOAD ./L5_Application/source/high_level_init.o
LOAD ./L5_Application/source/remote.o
LOAD ./L5_Application/source/terminal.o
LOAD ./L5_Application/periodic_scheduler/period_callbacks.o
LOAD ./L5_Application/periodic_scheduler/prd_dispatcher.o
LOAD ./L5_Application/examples/examples.o
LOAD ./L5_Application/examples/rn_xv_task.o
LOAD ./L5_Application/main.o
LOAD ./L4_IO/wireless/src/mesh.o
LOAD ./L4_IO/wireless/src/nrf24L01Plus.o
LOAD ./L4_IO/wireless/src/wireless.o
LOAD ./L4_IO/src/gpio.o
LOAD ./L4_IO/src/io_source.o
LOAD ./L4_IO/src/storage.o
LOAD ./L4_IO/fat/option/ccsbcs.o
LOAD ./L4_IO/fat/option/reentrant.o
LOAD ./L4_IO/fat/disk/diskio.o
LOAD ./L4_IO/fat/disk/sd.o
LOAD ./L4_IO/fat/disk/spi_flash.o
LOAD ./L4_IO/fat/fatfs_time.o
LOAD ./L4_IO/fat/ff.o
LOAD ./L3_Utils/tlm/src/c_tlm_binary.o
LOAD ./L3_Utils/tlm/src/c_tlm_comp.o
LOAD ./L3_Utils/tlm/src/c_tlm_stream.o
LOAD ./L3_Utils/tlm/src/c_tlm_var.o
LOAD ./L3_Utils/src/c_list.o
LOAD ./L3_Utils/src/command_handler.o
LOAD ./L3_Utils/src/file_logger.o
LOAD ./L3_Utils/src/freertos_timer.o
LOAD ./L3_Utils/src/printf_lib.o
LOAD ./L3_Utils/src/rtc_alarm.o
LOAD ./L3_Utils/src/scheduler_task.o
LOAD ./L3_Utils/src/str.o
LOAD ./L3_Utils/src/utilities.o
LOAD ./L2_Drivers/src/adc.o
LOAD ./L2_Drivers/src/can.o
LOAD ./L2_Drivers/src/eint.o
LOAD ./L2_Drivers/src/i2c2.o
LOAD ./L2_Drivers/src/lpc_pwm.o
LOAD ./L2_Drivers/src/lpc_rit.o
LOAD ./L2_Drivers/src/lpc_timers.o
LOAD ./L2_Drivers/src/nrf_stream.o
LOAD ./L2_Drivers/src/rtc.o
LOAD ./L2_Drivers/src/spi_dma.o
LOAD ./L2_Drivers/src/spi_sem.o
LOAD ./L2_Drivers/src/uart0.o
LOAD ./L2_Drivers/src/uart2.o
LOAD ./L2_Drivers/src/uart3.o
LOAD ./L2_Drivers/base/char_dev.o
LOAD ./L2_Drivers/base/i2c_base.o
LOAD ./L2_Drivers/base/uart_dev.o
LOAD ./L1_FreeRTOS/src/croutine.o
LOAD ./L1_FreeRTOS/src/event_groups.o
LOAD ./L1_FreeRTOS/src/list.o
LOAD ./L1_FreeRTOS/src/queue.o
LOAD ./L1_FreeRTOS/src/tasks.o
LOAD ./L1_FreeRTOS/src/timers.o
LOAD ./L1_FreeRTOS/portable/no_mpu/port.o
LOAD ./L1_FreeRTOS/portable/run_time_stats.o
LOAD ./L1_FreeRTOS/hooks/hooks.o
LOAD ./L0_LowLevel/source/core_cm3.o
LOAD ./L0_LowLevel/source/low_level_init.o
LOAD ./L0_LowLevel/source/lpc_peripherals.o
LOAD ./L0_LowLevel/source/lpc_sys.o
LOAD ./L0_LowLevel/source/startup.o
LOAD ./L0_LowLevel/source/sys_clock.o
LOAD ./L0_LowLevel/source/uart0_min.o
LOAD c:/sjsu_dev/toolchain/bin/../lib/gcc/arm-none-eabi/4.9.3/../../../../arm-none-eabi/lib/armv7-m\libstdc++_nano.a
LOAD c:/sjsu_dev/toolchain/bin/../lib/gcc/arm-none-eabi/4.9.3/../../../../arm-none-eabi/lib/armv7-m\libm.a
START GROUP
LOAD c:/sjsu_dev/toolchain/bin/../lib/gcc/arm-none-eabi/4.9.3/armv7-m\libgcc.a
LOAD c:/sjsu_dev/toolchain/bin/../lib/gcc/arm-none-eabi/4.9.3/../../../../arm-none-eabi/lib/armv7-m\libc_nano.a
END GROUP
START GROUP
LOAD c:/sjsu_dev/toolchain/bin/../lib/gcc/arm-none-eabi/4.9.3/armv7-m\libgcc.a
LOAD c:/sjsu_dev/toolchain/bin/../lib/gcc/arm-none-eabi/4.9.3/../../../../arm-none-eabi/lib/armv7-m\libc_nano.a
END GROUP

.text           0x00010000    0x15d08
 FILL mask 0xff
 *(.isr_vector)
 .isr_vector    0x00010000       0xcc ./L0_LowLevel/source/startup.o
                0x00010000                g_pfnVectors
                0x000100cc                . = ALIGN (0x4)
                0x000100cc                __section_table_start = .
                0x000100cc                __data_section_table = .
                0x000100cc        0x4 LONG 0x25d10 LOADADDR (.data)
                0x000100d0        0x4 LONG 0x2007c000 ADDR (.data)
                0x000100d4        0x4 LONG 0x1bc SIZEOF (.data)
                0x000100d8                __data_section_table_end = .
                0x000100d8                __bss_section_table = .
                0x000100d8        0x4 LONG 0x2007c1c0 ADDR (.bss)
                0x000100dc        0x4 LONG 0x45c SIZEOF (.bss)
                0x000100e0                __bss_section_table_end = .
                0x000100e0                __section_table_end = .
 *(.after_vectors*)
 .after_vectors
                0x000100e0      0x120 ./L0_LowLevel/source/startup.o
                0x000100e0                isr_hard_fault
                0x000100fa                isr_nmi
                0x00010108                isr_mem_fault
                0x00010118                isr_bus_fault
                0x00010128                isr_usage_fault
                0x00010138                isr_debug_mon
                0x00010148                TIMER3_IRQHandler
                0x00010148                UART1_IRQHandler
                0x00010148                EINT2_IRQHandler
                0x00010148                USBAct_IRQHandler
                0x00010148                PLL0_IRQHandler
                0x00010148                I2C1_IRQHandler
                0x00010148                PLL1_IRQHandler
                0x00010148                SSP0_IRQHandler
                0x00010148                CANAct_IRQHandler
                0x00010148                I2S_IRQHandler
                0x00010148                PWM1_IRQHandler
                0x00010148                SPI_IRQHandler
                0x00010148                TIMER2_IRQHandler
                0x00010148                EINT1_IRQHandler
                0x00010148                isr_default_handler
                0x00010148                SSP1_IRQHandler
                0x00010148                ENET_IRQHandler
                0x00010148                USB_IRQHandler
                0x00010148                BOD_IRQHandler
                0x00010148                MCPWM_IRQHandler
                0x00010148                WDT_IRQHandler
                0x00010148                I2C0_IRQHandler
                0x00010148                QEI_IRQHandler
                0x00010148                EINT0_IRQHandler
                0x00010148                DMA_IRQHandler
                0x00010148                TIMER0_IRQHandler
                0x00010158                isr_sys_tick
                0x0001016a                data_init(unsigned int, unsigned int, unsigned int)
                0x00010180                bss_init(unsigned int, unsigned int)
                0x00010192                isr_reset
 *(.text*)
 .text._sbrk    0x00010200       0x78 ./newlib/memory.o
                0x00010200                _sbrk
 .text._Znwj    0x00010278        0x4 ./newlib/memory.o
                0x00010278                operator new(unsigned int)
 .text._ZdlPv   0x0001027c        0x4 ./newlib/memory.o
                0x0001027c                operator delete(void*)
 .text._ZdaPv   0x00010280        0x4 ./newlib/memory.o
                0x00010280                operator delete[](void*)
 .text.sys_get_mem_info
                0x00010284       0xb0 ./newlib/memory.o
                0x00010284                sys_get_mem_info
 .text._ZN9__gnu_cxx27__verbose_terminate_handlerEv
                0x00010334        0x2 ./newlib/memory.o
                0x00010334                __gnu_cxx::__verbose_terminate_handler()
 *fill*         0x00010336        0x2 
 .text.sys_set_outchar_func
                0x00010338        0xc ./newlib/newlib_syscalls.o
                0x00010338                sys_set_outchar_func
 .text.sys_set_inchar_func
                0x00010344        0xc ./newlib/newlib_syscalls.o
                0x00010344                sys_set_inchar_func
 .text._kill    0x00010350       0x10 ./newlib/newlib_syscalls.o
                0x00010350                _kill
 .text._exit    0x00010360       0x10 ./newlib/newlib_syscalls.o
                0x00010360                _exit
 .text._getpid  0x00010370        0x4 ./newlib/newlib_syscalls.o
                0x00010370                _getpid
 .text._init    0x00010374        0x4 ./newlib/newlib_syscalls.o
                0x00010374                _init
 .text._write   0x00010378       0x28 ./newlib/newlib_syscalls.o
                0x00010378                _write
 .text._read    0x000103a0       0x2c ./newlib/newlib_syscalls.o
                0x000103a0                _read
 .text.syscalls_init
                0x000103cc        0x2 ./newlib/newlib_syscalls.o
                0x000103cc                syscalls_init
 .text._fstat   0x000103ce        0x4 ./newlib/newlib_syscalls.o
                0x000103ce                _fstat
 *fill*         0x000103d2        0x2 
 .text._isatty  0x000103d4       0x24 ./newlib/newlib_syscalls.o
                0x000103d4                _isatty
 .text._lseek   0x000103f8        0x4 ./newlib/newlib_syscalls.o
                0x000103f8                _lseek
 .text._close   0x000103fc        0x4 ./newlib/newlib_syscalls.o
                0x000103fc                _close
 .text._gettimeofday
                0x00010400       0x7a ./newlib/newlib_time.o
                0x00010400                _gettimeofday
 *fill*         0x0001047a        0x2 
 .text._ZN7Storage13getFlashDriveEv
                0x0001047c       0x48 ./L5_Application/source/cmd_handlers/handlers.o
                0x0001047c                Storage::getFlashDrive()
 .text._ZN7Storage10getSDDriveEv
                0x000104c4       0x48 ./L5_Application/source/cmd_handlers/handlers.o
                0x000104c4                Storage::getSDDrive()
 .text._Z15taskListHandlerR3strR7CharDevPv
                0x0001050c       0xec ./L5_Application/source/cmd_handlers/handlers.o
                0x0001050c                taskListHandler(str&, CharDev&, void*)
 .text._Z14memInfoHandlerR3strR7CharDevPv
                0x000105f8       0x22 ./L5_Application/source/cmd_handlers/handlers.o
                0x000105f8                memInfoHandler(str&, CharDev&, void*)
 *fill*         0x0001061a        0x2 
 .text._Z11timeHandlerR3strR7CharDevPv
                0x0001061c       0xc4 ./L5_Application/source/cmd_handlers/handlers.o
                0x0001061c                timeHandler(str&, CharDev&, void*)
 .text._Z10logHandlerR3strR7CharDevPv
                0x000106e0      0x190 ./L5_Application/source/cmd_handlers/handlers.o
                0x000106e0                logHandler(str&, CharDev&, void*)
 .text._Z9cpHandlerR3strR7CharDevPv
                0x00010870       0x80 ./L5_Application/source/cmd_handlers/handlers.o
                0x00010870                cpHandler(str&, CharDev&, void*)
 .text._Z10catHandlerR3strR7CharDevPv
                0x000108f0      0x10c ./L5_Application/source/cmd_handlers/handlers.o
                0x000108f0                catHandler(str&, CharDev&, void*)
 .text._Z9lsHandlerR3strR7CharDevPv
                0x000109fc      0x180 ./L5_Application/source/cmd_handlers/handlers.o
                0x000109fc                lsHandler(str&, CharDev&, void*)
 .text._Z12mkdirHandlerR3strR7CharDevPv
                0x00010b7c       0x3c ./L5_Application/source/cmd_handlers/handlers.o
                0x00010b7c                mkdirHandler(str&, CharDev&, void*)
 .text._Z9rmHandlerR3strR7CharDevPv
                0x00010bb8       0x3c ./L5_Application/source/cmd_handlers/handlers.o
                0x00010bb8                rmHandler(str&, CharDev&, void*)
 .text._Z9mvHandlerR3strR7CharDevPv
                0x00010bf4       0x5c ./L5_Application/source/cmd_handlers/handlers.o
                0x00010bf4                mvHandler(str&, CharDev&, void*)
 .text._Z14newFileHandlerR3strR7CharDevPv
                0x00010c50       0xb0 ./L5_Application/source/cmd_handlers/handlers.o
                0x00010c50                newFileHandler(str&, CharDev&, void*)
 .text._Z10dcpHandlerR3strR7CharDevPv
                0x00010d00      0x140 ./L5_Application/source/cmd_handlers/handlers.o
                0x00010d00                dcpHandler(str&, CharDev&, void*)
 .text._Z14storageHandlerR3strR7CharDevPv
                0x00010e40       0xbc ./L5_Application/source/cmd_handlers/handlers.o
                0x00010e40                storageHandler(str&, CharDev&, void*)
 .text._Z13rebootHandlerR3strR7CharDevPv
                0x00010efc       0x30 ./L5_Application/source/cmd_handlers/handlers.o
                0x00010efc                rebootHandler(str&, CharDev&, void*)
 .text._Z14learnIrHandlerR3strR7CharDevPv
                0x00010f2c       0x34 ./L5_Application/source/cmd_handlers/handlers.o
                0x00010f2c                learnIrHandler(str&, CharDev&, void*)
 .text._ZN17SingletonTemplateI4I2C2E11getInstanceEv
                0x00010f60       0x20 ./L5_Application/source/cmd_handlers/handlers.o
                0x00010f60                SingletonTemplate<I2C2>::getInstance()
 .text._Z12i2cIoHandlerR3strR7CharDevPv
                0x00010f80      0x198 ./L5_Application/source/cmd_handlers/handlers.o
                0x00010f80                i2cIoHandler(str&, CharDev&, void*)
 .text._Z13healthHandlerR3strR7CharDevPv
                0x00011118      0x1a4 ./L5_Application/source/cmd_handlers/handlers.o
                0x00011118                healthHandler(str&, CharDev&, void*)
 .text._Z16flashProgHandlerR3strR7CharDevPv
                0x000112bc       0xac ./L5_Application/source/cmd_handlers/prog_handlers.o
                0x000112bc                flashProgHandler(str&, CharDev&, void*)
 .text._Z14getFileHandlerR3strR7CharDevPv
                0x00011368      0x130 ./L5_Application/source/cmd_handlers/prog_handlers.o
                0x00011368                getFileHandler(str&, CharDev&, void*)
 .text._ZL25wirelessHandlerPrintStatsR7CharDevP12mesh_stats_th
                0x00011498       0x3c ./L5_Application/source/cmd_handlers/wireless_handlers.o
 .text._ZL14wsStatsHandlerR3strR7CharDevPv
                0x000114d4       0x1e ./L5_Application/source/cmd_handlers/wireless_handlers.o
 *fill*         0x000114f2        0x2 
 .text._ZL11wsTxHandlerR3strR7CharDevPv
                0x000114f4      0x118 ./L5_Application/source/cmd_handlers/wireless_handlers.o
 .text._ZL13wsAddrHandlerR3strR7CharDevPv
                0x0001160c       0x34 ./L5_Application/source/cmd_handlers/wireless_handlers.o
 .text._Z12wsRteHandlerR3strR7CharDevPv
                0x00011640       0x74 ./L5_Application/source/cmd_handlers/wireless_handlers.o
                0x00011640                wsRteHandler(str&, CharDev&, void*)
 .text._ZL11wsRxHandlerR3strR7CharDevPv
                0x000116b4       0x80 ./L5_Application/source/cmd_handlers/wireless_handlers.o
 .text._Z15wirelessHandlerR3strR7CharDevPv
                0x00011734      0x160 ./L5_Application/source/cmd_handlers/wireless_handlers.o
                0x00011734                wirelessHandler(str&, CharDev&, void*)
 .text._ZN17SingletonTemplateI12NordicStreamE11getInstanceEv
                0x00011894       0x20 ./L5_Application/source/cmd_handlers/wireless_handlers.o
                0x00011894                SingletonTemplate<NordicStream>::getInstance()
 .text._ZL15wsFileTxHandlerR3strR7CharDevPv
                0x000118b4      0x22c ./L5_Application/source/cmd_handlers/wireless_handlers.o
 .text._ZL15wsStreamHandlerR3strR7CharDevPv
                0x00011ae0      0x11c ./L5_Application/source/cmd_handlers/wireless_handlers.o
 .text._ZL13hl_print_linev
                0x00011bfc        0xc ./L5_Application/source/high_level_init.o
 .text.ssp_set_max_clock
                0x00011c08       0x2c ./L5_Application/source/high_level_init.o
 .text._ZL16hl_mount_storageR16FileSystemObjectPKc
                0x00011c34       0x94 ./L5_Application/source/high_level_init.o
 .text._ZN17SingletonTemplateI11LED_DisplayE11getInstanceEv
                0x00011cc8       0x24 ./L5_Application/source/high_level_init.o
                0x00011cc8                SingletonTemplate<LED_Display>::getInstance()
 .text._ZN17SingletonTemplateI3LEDE11getInstanceEv
                0x00011cec       0x1c ./L5_Application/source/high_level_init.o
                0x00011cec                SingletonTemplate<LED>::getInstance()
 .text._ZN17SingletonTemplateI17TemperatureSensorE11getInstanceEv
                0x00011d08       0x28 ./L5_Application/source/high_level_init.o
                0x00011d08                SingletonTemplate<TemperatureSensor>::getInstance()
 .text._ZN17SingletonTemplateI12Light_SensorE11getInstanceEv
                0x00011d30       0x18 ./L5_Application/source/high_level_init.o
                0x00011d30                SingletonTemplate<Light_Sensor>::getInstance()
 .text._ZN17SingletonTemplateI8SwitchesE11getInstanceEv
                0x00011d48       0x18 ./L5_Application/source/high_level_init.o
                0x00011d48                SingletonTemplate<Switches>::getInstance()
 .text._Z15high_level_initv
                0x00011d60      0x548 ./L5_Application/source/high_level_init.o
                0x00011d60                high_level_init()
 .text._ZN14scheduler_task4initEv
                0x000122a8        0x4 ./L5_Application/source/remote.o
                0x000122a8                scheduler_task::init()
 .text._ZN14scheduler_task6regTlmEv
                0x000122ac        0x4 ./L5_Application/source/remote.o
                0x000122ac                scheduler_task::regTlm()
 .text._ZN14scheduler_task9taskEntryEv
                0x000122b0        0x4 ./L5_Application/source/remote.o
                0x000122b0                scheduler_task::taskEntry()
 .text._ZN10remoteTask6regTlmEv
                0x000122b4        0x4 ./L5_Application/source/remote.o
                0x000122b4                remoteTask::regTlm()
 .text._ZN10remoteTask9taskEntryEv
                0x000122b8        0x4 ./L5_Application/source/remote.o
                0x000122b8                remoteTask::taskEntry()
 .text._ZN10remoteTaskD2Ev
                0x000122bc        0x2 ./L5_Application/source/remote.o
                0x000122bc                remoteTask::~remoteTask()
                0x000122bc                remoteTask::~remoteTask()
 .text._ZN10remoteTask4initEv
                0x000122be       0x24 ./L5_Application/source/remote.o
                0x000122be                remoteTask::init()
 .text._ZN10remoteTaskD0Ev
                0x000122e2        0xc ./L5_Application/source/remote.o
                0x000122e2                remoteTask::~remoteTask()
 *fill*         0x000122ee        0x2 
 .text._ZN10remoteTaskC2Eh
                0x000122f0       0x44 ./L5_Application/source/remote.o
                0x000122f0                remoteTask::remoteTask(unsigned char)
                0x000122f0                remoteTask::remoteTask(unsigned char)
 .text._ZN10remoteTask17getNumberFromCodeEmRm
                0x00012334       0x1e ./L5_Application/source/remote.o
                0x00012334                remoteTask::getNumberFromCode(unsigned long, unsigned long&)
 *fill*         0x00012352        0x2 
 .text._ZN17SingletonTemplateI9IR_SensorE11getInstanceEv
                0x00012354       0x18 ./L5_Application/source/remote.o
                0x00012354                SingletonTemplate<IR_Sensor>::getInstance()
 .text._ZN10remoteTask3runEPv
                0x0001236c      0x1a4 ./L5_Application/source/remote.o
                0x0001236c                remoteTask::run(void*)
 .text._ZN12terminalTask6regTlmEv
                0x00012510        0x4 ./L5_Application/source/terminal.o
                0x00012510                terminalTask::regTlm()
 .text._ZN6VECTORIN12terminalTask9cmdChan_tEE14changeCapacityEj.part.5
                0x00012514       0x34 ./L5_Application/source/terminal.o
 .text._ZN12terminalTaskD2Ev
                0x00012548       0x48 ./L5_Application/source/terminal.o
                0x00012548                terminalTask::~terminalTask()
                0x00012548                terminalTask::~terminalTask()
 .text._ZN12terminalTaskD0Ev
                0x00012590       0x12 ./L5_Application/source/terminal.o
                0x00012590                terminalTask::~terminalTask()
 *fill*         0x000125a2        0x2 
 .text._ZN12terminalTaskC2Eh
                0x000125a4       0xb0 ./L5_Application/source/terminal.o
                0x000125a4                terminalTask::terminalTask(unsigned char)
                0x000125a4                terminalTask::terminalTask(unsigned char)
 .text._ZN12terminalTask22handleEchoAndBackspaceEPNS_9cmdChan_tEc
                0x00012654       0x74 ./L5_Application/source/terminal.o
                0x00012654                terminalTask::handleEchoAndBackspace(terminalTask::cmdChan_t*, char)
 .text._ZN12terminalTask17addCommandChannelEP7CharDevb
                0x000126c8       0x40 ./L5_Application/source/terminal.o
                0x000126c8                terminalTask::addCommandChannel(CharDev*, bool)
 .text._ZN12terminalTask10getCommandEv
                0x00012708      0x126 ./L5_Application/source/terminal.o
                0x00012708                terminalTask::getCommand()
 *fill*         0x0001282e        0x2 
 .text._ZN12terminalTask3runEPv
                0x00012830       0x98 ./L5_Application/source/terminal.o
                0x00012830                terminalTask::run(void*)
 .text._ZN17SingletonTemplateI5Uart0E11getInstanceEv
                0x000128c8       0x20 ./L5_Application/source/terminal.o
                0x000128c8                SingletonTemplate<Uart0>::getInstance()
 .text._ZN5Uart017putcharIntrDrivenEc
                0x000128e8       0x18 ./L5_Application/source/terminal.o
                0x000128e8                Uart0::putcharIntrDriven(char)
 .text._ZN5Uart017getcharIntrDrivenEc
                0x00012900       0x22 ./L5_Application/source/terminal.o
                0x00012900                Uart0::getcharIntrDriven(char)
 *fill*         0x00012922        0x2 
 .text._ZN12terminalTask9taskEntryEv
                0x00012924      0x27c ./L5_Application/source/terminal.o
                0x00012924                terminalTask::taskEntry()
 .text._ZN15get_orientation4initEv
                0x00012ba0        0x4 ./L5_Application/main.o
                0x00012ba0                get_orientation::init()
 .text._ZN15get_orientation3runEPv
                0x00012ba4        0x4 ./L5_Application/main.o
                0x00012ba4                get_orientation::run(void*)
 .text._ZN15get_orientationD2Ev
                0x00012ba8        0x2 ./L5_Application/main.o
                0x00012ba8                get_orientation::~get_orientation()
                0x00012ba8                get_orientation::~get_orientation()
 .text._ZN12wirelessTaskD2Ev
                0x00012baa        0x2 ./L5_Application/main.o
                0x00012baa                wirelessTask::~wirelessTask()
                0x00012baa                wirelessTask::~wirelessTask()
 .text._ZN15get_orientationD0Ev
                0x00012bac        0xc ./L5_Application/main.o
                0x00012bac                get_orientation::~get_orientation()
 .text._ZN12wirelessTaskD0Ev
                0x00012bb8        0xc ./L5_Application/main.o
                0x00012bb8                wirelessTask::~wirelessTask()
 .text._ZN12wirelessTask3runEPv
                0x00012bc4        0xa ./L5_Application/main.o
                0x00012bc4                wirelessTask::run(void*)
 *fill*         0x00012bce        0x2 
 .text.startup.main
                0x00012bd0       0x8c ./L5_Application/main.o
                0x00012bd0                main
 .text.mesh_incr_soft_timers_for_arr
                0x00012c5c       0x26 ./L4_IO/wireless/src/mesh.o
 *fill*         0x00012c82        0x2 
 .text.mesh_update_soft_timers
                0x00012c84       0x4c ./L4_IO/wireless/src/mesh.o
 .text.mesh_send_packet
                0x00012cd0       0x3c ./L4_IO/wireless/src/mesh.o
 .text.mesh_send_retry_packet
                0x00012d0c       0x34 ./L4_IO/wireless/src/mesh.o
 .text.mesh_find_rte_tbl_entry
                0x00012d40       0x24 ./L4_IO/wireless/src/mesh.o
 .text.mesh_update_rte_scores
                0x00012d64       0x28 ./L4_IO/wireless/src/mesh.o
 .text.mesh_get_pnd_pkt_slot
                0x00012d8c       0x42 ./L4_IO/wireless/src/mesh.o
 *fill*         0x00012dce        0x2 
 .text.mesh_pending_packets_add
                0x00012dd0       0x90 ./L4_IO/wireless/src/mesh.o
 .text.mesh_get_rte_to_modify
                0x00012e60       0x60 ./L4_IO/wireless/src/mesh.o
 .text.mesh_handle_pnd_pkts_for_arr
                0x00012ec0      0x180 ./L4_IO/wireless/src/mesh.o
 .text.mesh_set_node_address
                0x00013040       0x18 ./L4_IO/wireless/src/mesh.o
                0x00013040                mesh_set_node_address
 .text.mesh_get_node_address
                0x00013058        0xc ./L4_IO/wireless/src/mesh.o
                0x00013058                mesh_get_node_address
 .text.mesh_set_retry_count
                0x00013064       0x10 ./L4_IO/wireless/src/mesh.o
                0x00013064                mesh_set_retry_count
 .text.mesh_form_pkt
                0x00013074       0xfc ./L4_IO/wireless/src/mesh.o
                0x00013074                mesh_form_pkt
 .text.mesh_send_formed_pkt
                0x00013170       0x50 ./L4_IO/wireless/src/mesh.o
                0x00013170                mesh_send_formed_pkt
 .text.mesh_init
                0x000131c0      0x104 ./L4_IO/wireless/src/mesh.o
                0x000131c0                mesh_init
 .text.mesh_send
                0x000132c4       0x3e ./L4_IO/wireless/src/mesh.o
                0x000132c4                mesh_send
 .text.mesh_send_ack
                0x00013302       0x1a ./L4_IO/wireless/src/mesh.o
 .text.mesh_get_routing_entry
                0x0001331c       0x2c ./L4_IO/wireless/src/mesh.o
                0x0001331c                mesh_get_routing_entry
 .text.mesh_get_num_routing_entries
                0x00013348       0x1c ./L4_IO/wireless/src/mesh.o
                0x00013348                mesh_get_num_routing_entries
 .text.mesh_service
                0x00013364      0x2c4 ./L4_IO/wireless/src/mesh.o
                0x00013364                mesh_service
 .text.mesh_get_pnd_pkt_count
                0x00013628       0x34 ./L4_IO/wireless/src/mesh.o
                0x00013628                mesh_get_pnd_pkt_count
 .text.mesh_get_max_timeout_before_packet_fails
                0x0001365c       0x24 ./L4_IO/wireless/src/mesh.o
                0x0001365c                mesh_get_max_timeout_before_packet_fails
 .text.mesh_get_stats
                0x00013680       0x14 ./L4_IO/wireless/src/mesh.o
                0x00013680                mesh_get_stats
 .text.nordic_transfer
                0x00013694      0x110 ./L4_IO/wireless/src/nrf24L01Plus.o
 .text.nordic_readRegister
                0x000137a4       0x20 ./L4_IO/wireless/src/nrf24L01Plus.o
 .text.nordic_writeRegister
                0x000137c4       0x20 ./L4_IO/wireless/src/nrf24L01Plus.o
 .text.nordic_is_tx_fifo_empty
                0x000137e4        0xe ./L4_IO/wireless/src/nrf24L01Plus.o
                0x000137e4                nordic_is_tx_fifo_empty
 .text.nordic_clear_all_intr_flags
                0x000137f2        0x8 ./L4_IO/wireless/src/nrf24L01Plus.o
                0x000137f2                nordic_clear_all_intr_flags
 .text.nordic_queue_tx_fifo
                0x000137fa        0xe ./L4_IO/wireless/src/nrf24L01Plus.o
                0x000137fa                nordic_queue_tx_fifo
 .text.nordic_standby1_to_tx_mode1
                0x00013808       0x16 ./L4_IO/wireless/src/nrf24L01Plus.o
                0x00013808                nordic_standby1_to_tx_mode1
 *fill*         0x0001381e        0x2 
 .text.nordic_rx_to_Stanby1
                0x00013820       0x10 ./L4_IO/wireless/src/nrf24L01Plus.o
                0x00013820                nordic_rx_to_Stanby1
 .text.nordic_standby1_to_rx
                0x00013830       0x24 ./L4_IO/wireless/src/nrf24L01Plus.o
                0x00013830                nordic_standby1_to_rx
 .text.nordic_clear_packet_sent_flag
                0x00013854        0x8 ./L4_IO/wireless/src/nrf24L01Plus.o
                0x00013854                nordic_clear_packet_sent_flag
 .text.nordic_flush_tx_fifo
                0x0001385c        0xc ./L4_IO/wireless/src/nrf24L01Plus.o
                0x0001385c                nordic_flush_tx_fifo
 .text.nordic_mode1_send_single_packet
                0x00013868       0x4c ./L4_IO/wireless/src/nrf24L01Plus.o
                0x00013868                nordic_mode1_send_single_packet
 .text.nordic_is_packet_available
                0x000138b4       0x12 ./L4_IO/wireless/src/nrf24L01Plus.o
                0x000138b4                nordic_is_packet_available
 .text.nordic_clear_packet_available_flag
                0x000138c6        0x8 ./L4_IO/wireless/src/nrf24L01Plus.o
                0x000138c6                nordic_clear_packet_available_flag
 .text.nordic_read_rx_fifo
                0x000138ce       0x16 ./L4_IO/wireless/src/nrf24L01Plus.o
                0x000138ce                nordic_read_rx_fifo
 .text.nordic_flush_rx_fifo
                0x000138e4        0xc ./L4_IO/wireless/src/nrf24L01Plus.o
                0x000138e4                nordic_flush_rx_fifo
 .text.nordic_set_intr_signals
                0x000138f0       0x3e ./L4_IO/wireless/src/nrf24L01Plus.o
                0x000138f0                nordic_set_intr_signals
 .text.nordic_set_crc
                0x0001392e       0x38 ./L4_IO/wireless/src/nrf24L01Plus.o
                0x0001392e                nordic_set_crc
 .text.nordic_power_up
                0x00013966       0x18 ./L4_IO/wireless/src/nrf24L01Plus.o
                0x00013966                nordic_power_up
 .text.nordic_power_down
                0x0001397e       0x16 ./L4_IO/wireless/src/nrf24L01Plus.o
                0x0001397e                nordic_power_down
 .text.nordic_set_channel
                0x00013994       0x24 ./L4_IO/wireless/src/nrf24L01Plus.o
                0x00013994                nordic_set_channel
 .text.nordic_set_air_data_rate
                0x000139b8       0x2c ./L4_IO/wireless/src/nrf24L01Plus.o
                0x000139b8                nordic_set_air_data_rate
 .text.nordic_set_power_level
                0x000139e4       0x24 ./L4_IO/wireless/src/nrf24L01Plus.o
                0x000139e4                nordic_set_power_level
 .text.nordic_set_auto_transmit_options
                0x00013a08       0x32 ./L4_IO/wireless/src/nrf24L01Plus.o
                0x00013a08                nordic_set_auto_transmit_options
 .text.nordic_set_payload_for_pipe
                0x00013a3a       0x14 ./L4_IO/wireless/src/nrf24L01Plus.o
                0x00013a3a                nordic_set_payload_for_pipe
 .text.nordic_set_addr_width
                0x00013a4e       0x16 ./L4_IO/wireless/src/nrf24L01Plus.o
                0x00013a4e                nordic_set_addr_width
 .text.nordic_set_tx_address
                0x00013a64        0xe ./L4_IO/wireless/src/nrf24L01Plus.o
                0x00013a64                nordic_set_tx_address
 .text.nordic_set_rx_pipe0_addr
                0x00013a72        0xe ./L4_IO/wireless/src/nrf24L01Plus.o
                0x00013a72                nordic_set_rx_pipe0_addr
 .text.nordic_init
                0x00013a80       0xc8 ./L4_IO/wireless/src/nrf24L01Plus.o
                0x00013a80                nordic_init
 .text.nrf_irq_callback
                0x00013b48       0x30 ./L4_IO/wireless/src/wireless.o
 .text.nrf_driver_init
                0x00013b78       0x70 ./L4_IO/wireless/src/wireless.o
 .text.nrf_driver_app_recv
                0x00013be8       0x50 ./L4_IO/wireless/src/wireless.o
 .text.nrf_driver_send
                0x00013c38       0x5c ./L4_IO/wireless/src/wireless.o
 .text.nrf_driver_receive
                0x00013c94       0x22 ./L4_IO/wireless/src/wireless.o
 .text.wireless_get_queued_pkt
                0x00013cb6       0x64 ./L4_IO/wireless/src/wireless.o
 .text.nrf_driver_get_timer
                0x00013d1a       0x28 ./L4_IO/wireless/src/wireless.o
 *fill*         0x00013d42        0x2 
 .text.wireless_init
                0x00013d44       0x4c ./L4_IO/wireless/src/wireless.o
                0x00013d44                wireless_init
 .text.wireless_get_rx_pkt
                0x00013d90       0x14 ./L4_IO/wireless/src/wireless.o
                0x00013d90                wireless_get_rx_pkt
 .text.wireless_get_ack_pkt
                0x00013da4       0x14 ./L4_IO/wireless/src/wireless.o
                0x00013da4                wireless_get_ack_pkt
 .text.wireless_service
                0x00013db8       0x4c ./L4_IO/wireless/src/wireless.o
                0x00013db8                wireless_service
 .text._ZN11i2c2_device8writeRegEhh
                0x00013e04       0x16 ./L4_IO/src/io_source.o
                0x00013e04                i2c2_device::writeReg(unsigned char, unsigned char)
 .text._ZN11i2c2_device16get16BitRegisterEh
                0x00013e1a       0x28 ./L4_IO/src/io_source.o
                0x00013e1a                i2c2_device::get16BitRegister(unsigned char)
 .text._ZN19Acceleration_Sensor4initEv
                0x00013e42       0x20 ./L4_IO/src/io_source.o
                0x00013e42                Acceleration_Sensor::init()
 *fill*         0x00013e62        0x2 
 .text._ZN9IR_Sensor11storeIrCodeEm
                0x00013e64       0x1c ./L4_IO/src/io_source.o
                0x00013e64                IR_Sensor::storeIrCode(unsigned long)
 .text._ZN9IR_Sensor12decodeIrCodeEv
                0x00013e80       0x60 ./L4_IO/src/io_source.o
                0x00013e80                IR_Sensor::decodeIrCode()
 .text._ZN9IR_Sensor4initEv
                0x00013ee0       0x34 ./L4_IO/src/io_source.o
                0x00013ee0                IR_Sensor::init()
 .text._ZN9IR_Sensor16isIRCodeReceivedEv
                0x00013f14       0x10 ./L4_IO/src/io_source.o
                0x00013f14                IR_Sensor::isIRCodeReceived()
 .text._ZN9IR_Sensor13getLastIRCodeEv
                0x00013f24       0x10 ./L4_IO/src/io_source.o
                0x00013f24                IR_Sensor::getLastIRCode()
 .text._ZN11LED_Display12setLeftDigitEc
                0x00013f34       0x18 ./L4_IO/src/io_source.o
                0x00013f34                LED_Display::setLeftDigit(char)
 .text._ZN11LED_Display13setRightDigitEc
                0x00013f4c       0x18 ./L4_IO/src/io_source.o
                0x00013f4c                LED_Display::setRightDigit(char)
 .text._ZN11LED_Display4initEv
                0x00013f64       0x38 ./L4_IO/src/io_source.o
                0x00013f64                LED_Display::init()
 .text._ZN11LED_Display5clearEv
                0x00013f9c       0x16 ./L4_IO/src/io_source.o
                0x00013f9c                LED_Display::clear()
 .text._ZN11LED_Display9setNumberEc
                0x00013fb2       0x3c ./L4_IO/src/io_source.o
                0x00013fb2                LED_Display::setNumber(char)
 .text._ZN3LED4initEv
                0x00013fee        0x4 ./L4_IO/src/io_source.o
                0x00013fee                LED::init()
 *fill*         0x00013ff2        0x2 
 .text._ZN3LED6setAllEh
                0x00013ff4       0x5c ./L4_IO/src/io_source.o
                0x00013ff4                LED::setAll(unsigned char)
 .text._ZN12Light_Sensor4initEv
                0x00014050        0x4 ./L4_IO/src/io_source.o
                0x00014050                Light_Sensor::init()
 .text._ZN12Light_Sensor11getRawValueEv
                0x00014054        0x6 ./L4_IO/src/io_source.o
                0x00014054                Light_Sensor::getRawValue()
 .text._ZN8Switches4initEv
                0x0001405a        0x4 ./L4_IO/src/io_source.o
                0x0001405a                Switches::init()
 *fill*         0x0001405e        0x2 
 .text._ZN8Switches15getSwitchValuesEv
                0x00014060       0x18 ./L4_IO/src/io_source.o
                0x00014060                Switches::getSwitchValues()
 .text._ZN8I2C_Temp4initEv
                0x00014078       0x22 ./L4_IO/src/io_source.o
                0x00014078                I2C_Temp::init()
 .text._ZN8I2C_Temp10getCelsiusEv
                0x0001409a       0x32 ./L4_IO/src/io_source.o
                0x0001409a                I2C_Temp::getCelsius()
 .text._ZN8I2C_Temp12getFarenheitEv
                0x000140cc       0x24 ./L4_IO/src/io_source.o
                0x000140cc                I2C_Temp::getFarenheit()
 .text._ZN7Storage4copyEPKcS1_PjS2_S2_
                0x000140f0       0xfa ./L4_IO/src/storage.o
                0x000140f0                Storage::copy(char const*, char const*, unsigned int*, unsigned int*, unsigned int*)
 .text._ZN7Storage4readEPKcPvjj
                0x000141ea       0x46 ./L4_IO/src/storage.o
                0x000141ea                Storage::read(char const*, void*, unsigned int, unsigned int)
 .text._ZN7Storage5writeEPKcPvjj
                0x00014230       0x46 ./L4_IO/src/storage.o
                0x00014230                Storage::write(char const*, void*, unsigned int, unsigned int)
 .text._ZN7Storage6appendEPKcPKvjj
                0x00014276       0x4a ./L4_IO/src/storage.o
                0x00014276                Storage::append(char const*, void const*, unsigned int, unsigned int)
 .text.ff_convert
                0x000142c0       0x38 ./L4_IO/fat/option/ccsbcs.o
                0x000142c0                ff_convert
 .text.ff_wtoupper
                0x000142f8       0x24 ./L4_IO/fat/option/ccsbcs.o
                0x000142f8                ff_wtoupper
 .text.ff_cre_syncobj
                0x0001431c       0x14 ./L4_IO/fat/option/reentrant.o
                0x0001431c                ff_cre_syncobj
 .text.ff_del_syncobj
                0x00014330        0x4 ./L4_IO/fat/option/reentrant.o
                0x00014330                ff_del_syncobj
 .text.ff_req_grant
                0x00014334       0x26 ./L4_IO/fat/option/reentrant.o
                0x00014334                ff_req_grant
 .text.ff_rel_grant
                0x0001435a       0x1e ./L4_IO/fat/option/reentrant.o
                0x0001435a                ff_rel_grant
 .text.disk_initialize
                0x00014378       0x26 ./L4_IO/fat/disk/diskio.o
                0x00014378                disk_initialize
 .text.disk_status
                0x0001439e       0x10 ./L4_IO/fat/disk/diskio.o
                0x0001439e                disk_status
 .text.disk_read
                0x000143ae       0x38 ./L4_IO/fat/disk/diskio.o
                0x000143ae                disk_read
 .text.disk_write
                0x000143e6       0x38 ./L4_IO/fat/disk/diskio.o
                0x000143e6                disk_write
 .text.disk_ioctl
                0x0001441e       0x32 ./L4_IO/fat/disk/diskio.o
                0x0001441e                disk_ioctl
 .text.sys_get_uptime_ms
                0x00014450       0x12 ./L4_IO/fat/disk/sd.o
 *fill*         0x00014462        0x2 
 .text.ssp_set_max_clock.constprop.2
                0x00014464       0x30 ./L4_IO/fat/disk/sd.o
 .text.ssp1_exchange_byte
                0x00014494       0x18 ./L4_IO/fat/disk/sd.o
 .text.wait_ready
                0x000144ac       0x2e ./L4_IO/fat/disk/sd.o
                0x000144ac                wait_ready
 *fill*         0x000144da        0x2 
 .text.power_off
                0x000144dc       0x24 ./L4_IO/fat/disk/sd.o
                0x000144dc                power_off
 .text.rcvr_datablock
                0x00014500       0x84 ./L4_IO/fat/disk/sd.o
                0x00014500                rcvr_datablock
 .text.xmit_datablock
                0x00014584       0x4c ./L4_IO/fat/disk/sd.o
                0x00014584                xmit_datablock
 .text.send_cmd
                0x000145d0       0x8c ./L4_IO/fat/disk/sd.o
                0x000145d0                send_cmd
 .text.sd_update_card_status
                0x0001465c       0x24 ./L4_IO/fat/disk/sd.o
                0x0001465c                sd_update_card_status
 .text.sd_initialize
                0x00014680      0x15c ./L4_IO/fat/disk/sd.o
                0x00014680                sd_initialize
 .text.sd_status
                0x000147dc       0x10 ./L4_IO/fat/disk/sd.o
                0x000147dc                sd_status
 .text.sd_read  0x000147ec       0x9c ./L4_IO/fat/disk/sd.o
                0x000147ec                sd_read
 .text.sd_write
                0x00014888       0xb4 ./L4_IO/fat/disk/sd.o
                0x00014888                sd_write
 .text.sd_ioctl
                0x0001493c      0x228 ./L4_IO/fat/disk/sd.o
                0x0001493c                sd_ioctl
 .text._ZL24flash_get_mem_size_bytesv
                0x00014b64       0x20 ./L4_IO/fat/disk/spi_flash.o
 .text._ZL37flash_perform_page_io_of_fatfs_sectorPFvPhmmES_m
                0x00014b84       0x74 ./L4_IO/fat/disk/spi_flash.o
 .text.ssp1_exchange_data
                0x00014bf8       0xcc ./L4_IO/fat/disk/spi_flash.o
 .text._ZL18flash_send_op_addr14flash_opcode_tm
                0x00014cc4       0x24 ./L4_IO/fat/disk/spi_flash.o
 .text._ZL15flash_read_pagePhmm
                0x00014ce8       0x44 ./L4_IO/fat/disk/spi_flash.o
 .text._ZL20flash_wait_for_readyv
                0x00014d2c       0x40 ./L4_IO/fat/disk/spi_flash.o
 .text.flash_initialize
                0x00014d6c       0x98 ./L4_IO/fat/disk/spi_flash.o
                0x00014d6c                flash_initialize
 .text.flash_read_sectors
                0x00014e04       0x4c ./L4_IO/fat/disk/spi_flash.o
                0x00014e04                flash_read_sectors
 .text.flash_write_sectors
                0x00014e50       0x48 ./L4_IO/fat/disk/spi_flash.o
                0x00014e50                flash_write_sectors
 .text.flash_ioctl
                0x00014e98       0x38 ./L4_IO/fat/disk/spi_flash.o
                0x00014e98                flash_ioctl
 .text.flash_write_permanent_id
                0x00014ed0       0x44 ./L4_IO/fat/disk/spi_flash.o
                0x00014ed0                flash_write_permanent_id
 .text.flash_read_permanent_id
                0x00014f14       0x28 ./L4_IO/fat/disk/spi_flash.o
                0x00014f14                flash_read_permanent_id
 .text.flash_get_page_count
                0x00014f3c       0x20 ./L4_IO/fat/disk/spi_flash.o
                0x00014f3c                flash_get_page_count
 .text.flash_get_page_size
                0x00014f5c        0xc ./L4_IO/fat/disk/spi_flash.o
                0x00014f5c                flash_get_page_size
 .text.flash_supports_metadata
                0x00014f68       0x10 ./L4_IO/fat/disk/spi_flash.o
                0x00014f68                flash_supports_metadata
 .text._ZL16flash_write_pagePhmm
                0x00014f78       0x8c ./L4_IO/fat/disk/spi_flash.o
 .text.flash_get_page_write_count
                0x00015004       0x54 ./L4_IO/fat/disk/spi_flash.o
                0x00015004                flash_get_page_write_count
 .text.flash_chip_erase
                0x00015058       0x28 ./L4_IO/fat/disk/spi_flash.o
                0x00015058                flash_chip_erase
 .text.get_fattime
                0x00015080       0x52 ./L4_IO/fat/fatfs_time.o
                0x00015080                get_fattime
 .text.mem_cpy  0x000150d2       0x38 ./L4_IO/fat/ff.o
 .text.mem_set  0x0001510a        0xe ./L4_IO/fat/ff.o
 .text.sum_sfn  0x00015118       0x1e ./L4_IO/fat/ff.o
 .text.get_ldnumber
                0x00015136       0x3e ./L4_IO/fat/ff.o
 .text.get_fileinfo
                0x00015174       0xc0 ./L4_IO/fat/ff.o
 .text.sync_window
                0x00015234       0x4a ./L4_IO/fat/ff.o
 *fill*         0x0001527e        0x2 
 .text.sync_fs  0x00015280       0x78 ./L4_IO/fat/ff.o
 .text.move_window
                0x000152f8       0x34 ./L4_IO/fat/ff.o
 .text.check_fs
                0x0001532c       0x4c ./L4_IO/fat/ff.o
 .text.find_volume
                0x00015378      0x220 ./L4_IO/fat/ff.o
 .text.validate
                0x00015598       0x3a ./L4_IO/fat/ff.o
 .text.unlock_fs
                0x000155d2       0x1a ./L4_IO/fat/ff.o
 .text.clust2sect
                0x000155ec       0x16 ./L4_IO/fat/ff.o
                0x000155ec                clust2sect
 .text.get_fat  0x00015602       0xa6 ./L4_IO/fat/ff.o
                0x00015602                get_fat
 .text.dir_sdi  0x000156a8       0x82 ./L4_IO/fat/ff.o
 .text.put_fat  0x0001572a       0xd0 ./L4_IO/fat/ff.o
                0x0001572a                put_fat
 .text.create_chain
                0x000157fa       0xa2 ./L4_IO/fat/ff.o
 .text.dir_next
                0x0001589c       0xee ./L4_IO/fat/ff.o
 *fill*         0x0001598a        0x2 
 .text.dir_find
                0x0001598c      0x12c ./L4_IO/fat/ff.o
 .text.follow_path
                0x00015ab8      0x25c ./L4_IO/fat/ff.o
 .text.dir_register
                0x00015d14      0x208 ./L4_IO/fat/ff.o
 .text.dir_remove
                0x00015f1c       0x5a ./L4_IO/fat/ff.o
 *fill*         0x00015f76        0x2 
 .text.dir_read.constprop.11
                0x00015f78       0xe0 ./L4_IO/fat/ff.o
 .text.remove_chain
                0x00016058       0x5a ./L4_IO/fat/ff.o
 *fill*         0x000160b2        0x2 
 .text.f_mount  0x000160b4       0x7c ./L4_IO/fat/ff.o
                0x000160b4                f_mount
 .text.f_open   0x00016130      0x132 ./L4_IO/fat/ff.o
                0x00016130                f_open
 .text.f_read   0x00016262      0x17c ./L4_IO/fat/ff.o
                0x00016262                f_read
 .text.f_write  0x000163de      0x1a8 ./L4_IO/fat/ff.o
                0x000163de                f_write
 .text.f_sync   0x00016586       0x8c ./L4_IO/fat/ff.o
                0x00016586                f_sync
 .text.f_close  0x00016612       0x24 ./L4_IO/fat/ff.o
                0x00016612                f_close
 .text.f_lseek  0x00016636      0x14c ./L4_IO/fat/ff.o
                0x00016636                f_lseek
 .text.f_opendir
                0x00016782       0x88 ./L4_IO/fat/ff.o
                0x00016782                f_opendir
 .text.f_readdir
                0x0001680a       0x5e ./L4_IO/fat/ff.o
                0x0001680a                f_readdir
 .text.f_getfree
                0x00016868       0xca ./L4_IO/fat/ff.o
                0x00016868                f_getfree
 .text.f_unlink
                0x00016932       0xba ./L4_IO/fat/ff.o
                0x00016932                f_unlink
 .text.f_mkdir  0x000169ec      0x154 ./L4_IO/fat/ff.o
                0x000169ec                f_mkdir
 .text.f_rename
                0x00016b40      0x120 ./L4_IO/fat/ff.o
                0x00016b40                f_rename
 .text.f_mkfs   0x00016c60      0x4f0 ./L4_IO/fat/ff.o
                0x00016c60                f_mkfs
 .text.c_list_for_each_elm
                0x00017150       0x2a ./L3_Utils/src/c_list.o
                0x00017150                c_list_for_each_elm
 *fill*         0x0001717a        0x2 
 .text._ZN16CommandProcessor10addHandlerEPFbR3strR7CharDevPvEPKcS8_S4_
                0x0001717c       0x7c ./L3_Utils/src/command_handler.o
                0x0001717c                CommandProcessor::addHandler(bool (*)(str&, CharDev&, void*), char const*, char const*, void*)
 .text._ZN16CommandProcessor24getRegisteredCommandListER7CharDev
                0x000171f8       0x9c ./L3_Utils/src/command_handler.o
                0x000171f8                CommandProcessor::getRegisteredCommandList(CharDev&)
 .text._ZN16CommandProcessor11getHelpTextER3strR7CharDev
                0x00017294       0x70 ./L3_Utils/src/command_handler.o
                0x00017294                CommandProcessor::getHelpText(str&, CharDev&)
 .text._ZN16CommandProcessor15prepareCmdParamER3strPKc
                0x00017304       0x3c ./L3_Utils/src/command_handler.o
                0x00017304                CommandProcessor::prepareCmdParam(str&, char const*)
 .text._ZN16CommandProcessor13handleCommandER3strR7CharDev
                0x00017340      0x144 ./L3_Utils/src/command_handler.o
                0x00017340                CommandProcessor::handleCommand(str&, CharDev&)
 .text.logger_get_buffer_ptr
                0x00017484       0x44 ./L3_Utils/src/file_logger.o
 .text.logger_write_to_file
                0x000174c8       0xb0 ./L3_Utils/src/file_logger.o
 .text.logger_task
                0x00017578       0xc0 ./L3_Utils/src/file_logger.o
 .text.logger_write_log_message
                0x00017638       0x4c ./L3_Utils/src/file_logger.o
 .text.logger_send_flush_request
                0x00017684       0x34 ./L3_Utils/src/file_logger.o
                0x00017684                logger_send_flush_request
 .text.logger_get_logged_call_count
                0x000176b8       0x14 ./L3_Utils/src/file_logger.o
                0x000176b8                logger_get_logged_call_count
 .text.logger_get_blocked_call_count
                0x000176cc        0xc ./L3_Utils/src/file_logger.o
                0x000176cc                logger_get_blocked_call_count
 .text.logger_get_highest_file_write_time_ms
                0x000176d8        0xc ./L3_Utils/src/file_logger.o
                0x000176d8                logger_get_highest_file_write_time_ms
 .text.logger_get_num_buffers_watermark
                0x000176e4        0xc ./L3_Utils/src/file_logger.o
                0x000176e4                logger_get_num_buffers_watermark
 .text.logger_init
                0x000176f0       0xd8 ./L3_Utils/src/file_logger.o
                0x000176f0                logger_init
 .text.logger_set_printf
                0x000177c8       0x1c ./L3_Utils/src/file_logger.o
                0x000177c8                logger_set_printf
 .text.logger_log
                0x000177e4      0x138 ./L3_Utils/src/file_logger.o
                0x000177e4                logger_log
 .text.logger_log_raw
                0x0001791c       0x40 ./L3_Utils/src/file_logger.o
                0x0001791c                logger_log_raw
 .text.u0_dbg_put
                0x0001795c       0x1e ./L3_Utils/src/printf_lib.o
                0x0001795c                u0_dbg_put
 .text.u0_dbg_printf
                0x0001797a       0x3c ./L3_Utils/src/printf_lib.o
                0x0001797a                u0_dbg_printf
 .text.for_each_recur_alarm_callback
                0x000179b6       0x26 ./L3_Utils/src/rtc_alarm.o
 .text.for_each_alarm_callback
                0x000179dc       0x5c ./L3_Utils/src/rtc_alarm.o
 .text.RTC_IRQHandler
                0x00017a38       0xa4 ./L3_Utils/src/rtc_alarm.o
                0x00017a38                RTC_IRQHandler
 .text._ZL9printlinePKcS0_
                0x00017adc       0xac ./L3_Utils/src/scheduler_task.o
 .text._ZL9dbg_printPKcS0_
                0x00017b88       0x74 ./L3_Utils/src/scheduler_task.o
 .text._Z24scheduler_c_task_privatePv
                0x00017bfc      0x118 ./L3_Utils/src/scheduler_task.o
                0x00017bfc                scheduler_c_task_private(void*)
 .text._Z18scheduler_init_allb
                0x00017d14       0xec ./L3_Utils/src/scheduler_task.o
                0x00017d14                scheduler_init_all(bool)
 .text._Z18scheduler_add_taskP14scheduler_task
                0x00017e00       0x1c ./L3_Utils/src/scheduler_task.o
                0x00017e00                scheduler_add_task(scheduler_task*)
 .text._Z15scheduler_startbb
                0x00017e1c       0x44 ./L3_Utils/src/scheduler_task.o
                0x00017e1c                scheduler_start(bool, bool)
 .text._ZN14scheduler_taskC2EPKcmhPv
                0x00017e60       0x34 ./L3_Utils/src/scheduler_task.o
                0x00017e60                scheduler_task::scheduler_task(char const*, unsigned long, unsigned char, void*)
                0x00017e60                scheduler_task::scheduler_task(char const*, unsigned long, unsigned char, void*)
 .text._ZN14scheduler_task15addSharedObjectEhPv
                0x00017e94       0x4c ./L3_Utils/src/scheduler_task.o
                0x00017e94                scheduler_task::addSharedObject(unsigned char, void*)
 .text._ZN14scheduler_task15getSharedObjectEh
                0x00017ee0       0x18 ./L3_Utils/src/scheduler_task.o
                0x00017ee0                scheduler_task::getSharedObject(unsigned char)
 .text._ZN3strC2EPci
                0x00017ef8       0x2c ./L3_Utils/src/str.o
                0x00017ef8                str::str(char*, int)
                0x00017ef8                str::str(char*, int)
 .text._ZN3strD2Ev
                0x00017f24       0x24 ./L3_Utils/src/str.o
                0x00017f24                str::~str()
                0x00017f24                str::~str()
 .text._ZNK3str6getLenEv
                0x00017f48        0x6 ./L3_Utils/src/str.o
                0x00017f48                str::getLen() const
 .text._ZNK3str11getCapacityEv
                0x00017f4e        0x4 ./L3_Utils/src/str.o
                0x00017f4e                str::getCapacity() const
 .text._ZN3str5clearEv
                0x00017f52        0x8 ./L3_Utils/src/str.o
                0x00017f52                str::clear()
 .text._ZN3str5scanfEPKcz
                0x00017f5a       0x1c ./L3_Utils/src/str.o
                0x00017f5a                str::scanf(char const*, ...)
 .text._ZN3str8tokenizeEPKciz
                0x00017f76       0x4c ./L3_Utils/src/str.o
                0x00017f76                str::tokenize(char const*, int, ...)
 .text._ZNK3str9compareToEPKc
                0x00017fc2       0x14 ./L3_Utils/src/str.o
                0x00017fc2                str::compareTo(char const*) const
 .text._ZNK3str19compareToIgnoreCaseEPKc
                0x00017fd6       0x10 ./L3_Utils/src/str.o
                0x00017fd6                str::compareToIgnoreCase(char const*) const
 .text._ZNK3str22firstIndexOfIgnoreCaseEPKc
                0x00017fe6       0x80 ./L3_Utils/src/str.o
                0x00017fe6                str::firstIndexOfIgnoreCase(char const*) const
 .text._ZNK3str18containsIgnoreCaseEPKc
                0x00018066        0xe ./L3_Utils/src/str.o
                0x00018066                str::containsIgnoreCase(char const*) const
 .text._ZNK3str12firstIndexOfEPKc
                0x00018074       0x16 ./L3_Utils/src/str.o
                0x00018074                str::firstIndexOf(char const*) const
 .text._ZNK3str10beginsWithEPKc
                0x0001808a       0x2e ./L3_Utils/src/str.o
                0x0001808a                str::beginsWith(char const*) const
 .text._ZNK3str20beginsWithIgnoreCaseEPKc
                0x000180b8       0x2e ./L3_Utils/src/str.o
                0x000180b8                str::beginsWithIgnoreCase(char const*) const
 .text._ZNK3str29beginsWithWholeWordIgnoreCaseEPKcc
                0x000180e6       0x38 ./L3_Utils/src/str.o
                0x000180e6                str::beginsWithWholeWordIgnoreCase(char const*, char) const
 .text._ZN3str10eraseFirstEi
                0x0001811e       0x28 ./L3_Utils/src/str.o
                0x0001811e                str::eraseFirst(int)
 .text._ZN3str9eraseLastEi
                0x00018146       0x20 ./L3_Utils/src/str.o
                0x00018146                str::eraseLast(int)
 .text._ZN3str10eraseAfterEii
                0x00018166       0x38 ./L3_Utils/src/str.o
                0x00018166                str::eraseAfter(int, int)
 .text._ZN3str5eraseEPKc
                0x0001819e       0x28 ./L3_Utils/src/str.o
                0x0001819e                str::erase(char const*)
 .text._ZN3str15eraseFirstWordsEic
                0x000181c6       0x2a ./L3_Utils/src/str.o
                0x000181c6                str::eraseFirstWords(int, char)
 .text._ZN3str9trimStartEPKc
                0x000181f0       0x40 ./L3_Utils/src/str.o
                0x000181f0                str::trimStart(char const*)
 .text._ZN3str7trimEndEPKc
                0x00018230       0x3a ./L3_Utils/src/str.o
                0x00018230                str::trimEnd(char const*)
 .text._ZNK3streqEPKc
                0x0001826a        0x4 ./L3_Utils/src/str.o
                0x0001826a                str::operator==(char const*) const
 .text._ZNK3strclEv
                0x0001826e        0x4 ./L3_Utils/src/str.o
                0x0001826e                str::operator()() const
 .text._ZNK3strcviEv
                0x00018272        0x6 ./L3_Utils/src/str.o
                0x00018272                str::operator int() const
 .text._ZN3strixEi
                0x00018278       0x14 ./L3_Utils/src/str.o
                0x00018278                str::operator[](int)
 .text._ZN3str13reAllocateMemEi
                0x0001828c       0x4c ./L3_Utils/src/str.o
                0x0001828c                str::reAllocateMem(int)
 .text._ZN3str4initEi
                0x000182d8       0x10 ./L3_Utils/src/str.o
                0x000182d8                str::init(int)
 .text._ZN3strC2Ei
                0x000182e8        0xc ./L3_Utils/src/str.o
                0x000182e8                str::str(int)
                0x000182e8                str::str(int)
 .text._ZN3str7reserveEi
                0x000182f4        0xe ./L3_Utils/src/str.o
                0x000182f4                str::reserve(int)
 .text._ZN3str6printfEPKcz
                0x00018302       0x42 ./L3_Utils/src/str.o
                0x00018302                str::printf(char const*, ...)
 .text._ZN3str26ensureMemoryToInsertNCharsEi
                0x00018344       0x22 ./L3_Utils/src/str.o
                0x00018344                str::ensureMemoryToInsertNChars(int)
 .text._ZN3str11insertAtEndEPKc
                0x00018366       0x22 ./L3_Utils/src/str.o
                0x00018366                str::insertAtEnd(char const*)
 .text._ZN3strpLEc
                0x00018388       0x1a ./L3_Utils/src/str.o
                0x00018388                str::operator+=(char)
 .text._ZN3str8copyFromEPKc
                0x000183a2       0x3c ./L3_Utils/src/str.o
                0x000183a2                str::copyFrom(char const*)
 .text._ZN3straSEPKc
                0x000183de        0x4 ./L3_Utils/src/str.o
                0x000183de                str::operator=(char const*)
 .text.delay_us
                0x000183e2       0x1c ./L3_Utils/src/utilities.o
                0x000183e2                delay_us
 .text.is_freertos_running
                0x000183fe        0xe ./L3_Utils/src/utilities.o
                0x000183fe                is_freertos_running
 .text.delay_ms
                0x0001840c       0x22 ./L3_Utils/src/utilities.o
                0x0001840c                delay_ms
 *fill*         0x0001842e        0x2 
 .text.adc0_start_conversion
                0x00018430       0x24 ./L2_Drivers/src/adc.o
 .text.ADC_IRQHandler
                0x00018454       0x3c ./L2_Drivers/src/adc.o
                0x00018454                ADC_IRQHandler
 .text.adc0_init
                0x00018490       0x74 ./L2_Drivers/src/adc.o
                0x00018490                adc0_init
 .text.adc0_get_reading
                0x00018504       0x78 ./L2_Drivers/src/adc.o
                0x00018504                adc0_get_reading
 .text.CAN_tx_now
                0x0001857c       0x32 ./L2_Drivers/src/can.o
 *fill*         0x000185ae        0x2 
 .text.CAN_handle_isr
                0x000185b0       0xa4 ./L2_Drivers/src/can.o
 .text.CAN_IRQHandler
                0x00018654       0x28 ./L2_Drivers/src/can.o
                0x00018654                CAN_IRQHandler
 .text.eint3_enable.isra.0
                0x0001867c       0x38 ./L2_Drivers/src/eint.o
 .text.EINT3_IRQHandler
                0x000186b4       0x30 ./L2_Drivers/src/eint.o
                0x000186b4                EINT3_IRQHandler
 .text.eint3_enable_port0
                0x000186e4       0x30 ./L2_Drivers/src/eint.o
                0x000186e4                eint3_enable_port0
 .text._ZN4I2C24initEj
                0x00018714       0x6c ./L2_Drivers/src/i2c2.o
                0x00018714                I2C2::init(unsigned int)
 .text._ZN4I2C2C2Ev
                0x00018780       0x14 ./L2_Drivers/src/i2c2.o
                0x00018780                I2C2::I2C2()
                0x00018780                I2C2::I2C2()
 .text.I2C2_IRQHandler
                0x00018794       0x24 ./L2_Drivers/src/i2c2.o
                0x00018794                I2C2_IRQHandler
 .text.RIT_IRQHandler
                0x000187b8       0x1c ./L2_Drivers/src/lpc_rit.o
                0x000187b8                RIT_IRQHandler
 .text.lpc_timer_get_struct
                0x000187d4       0x20 ./L2_Drivers/src/lpc_timers.o
 .text.lpc_timer_enable
                0x000187f4       0x50 ./L2_Drivers/src/lpc_timers.o
                0x000187f4                lpc_timer_enable
 .text._ZN12NordicStream5flushEv
                0x00018844       0x62 ./L2_Drivers/src/nrf_stream.o
                0x00018844                NordicStream::flush()
 *fill*         0x000188a6        0x2 
 .text._ZN12NordicStreamD2Ev
                0x000188a8       0x14 ./L2_Drivers/src/nrf_stream.o
                0x000188a8                NordicStream::~NordicStream()
                0x000188a8                NordicStream::~NordicStream()
 .text._ZN12NordicStreamD0Ev
                0x000188bc       0x12 ./L2_Drivers/src/nrf_stream.o
                0x000188bc                NordicStream::~NordicStream()
 .text._ZN12NordicStream7putCharEcj
                0x000188ce       0x22 ./L2_Drivers/src/nrf_stream.o
                0x000188ce                NordicStream::putChar(char, unsigned int)
 .text._ZN12NordicStream7getCharEPcj
                0x000188f0       0x40 ./L2_Drivers/src/nrf_stream.o
                0x000188f0                NordicStream::getChar(char*, unsigned int)
 .text._ZN12NordicStreamC2Ev
                0x00018930       0x40 ./L2_Drivers/src/nrf_stream.o
                0x00018930                NordicStream::NordicStream()
                0x00018930                NordicStream::NordicStream()
 .text.rtc_gettime
                0x00018970       0x50 ./L2_Drivers/src/rtc.o
                0x00018970                rtc_gettime
 .text.rtc_settime
                0x000189c0       0x68 ./L2_Drivers/src/rtc.o
                0x000189c0                rtc_settime
 .text.rtc_init
                0x00018a28       0xd0 ./L2_Drivers/src/rtc.o
                0x00018a28                rtc_init
 .text.rtc_get_date_time_str
                0x00018af8       0x14 ./L2_Drivers/src/rtc.o
                0x00018af8                rtc_get_date_time_str
 .text.ssp1_dma_init
                0x00018b0c       0x1c ./L2_Drivers/src/spi_dma.o
                0x00018b0c                ssp1_dma_init
 .text.ssp1_dma_transfer_block
                0x00018b28       0xc4 ./L2_Drivers/src/spi_dma.o
                0x00018b28                ssp1_dma_transfer_block
 .text.spi1_lock
                0x00018bec       0x30 ./L2_Drivers/src/spi_sem.o
                0x00018bec                spi1_lock
 .text.spi1_unlock
                0x00018c1c       0x24 ./L2_Drivers/src/spi_sem.o
                0x00018c1c                spi1_unlock
 .text._ZN5Uart0D2Ev
                0x00018c40       0x14 ./L2_Drivers/src/uart0.o
                0x00018c40                Uart0::~Uart0()
                0x00018c40                Uart0::~Uart0()
 .text._ZN5Uart0D0Ev
                0x00018c54       0x12 ./L2_Drivers/src/uart0.o
                0x00018c54                Uart0::~Uart0()
 *fill*         0x00018c66        0x2 
 .text._ZN5Uart04initEjii
                0x00018c68       0x40 ./L2_Drivers/src/uart0.o
                0x00018c68                Uart0::init(unsigned int, int, int)
 .text._ZN5Uart0C2Ev
                0x00018ca8       0x1c ./L2_Drivers/src/uart0.o
                0x00018ca8                Uart0::Uart0()
                0x00018ca8                Uart0::Uart0()
 .text.UART0_IRQHandler
                0x00018cc4       0x24 ./L2_Drivers/src/uart0.o
                0x00018cc4                UART0_IRQHandler
 .text._ZN5Uart2D2Ev
                0x00018ce8       0x14 ./L2_Drivers/src/uart2.o
                0x00018ce8                Uart2::~Uart2()
                0x00018ce8                Uart2::~Uart2()
 .text._ZN5Uart2D0Ev
                0x00018cfc       0x12 ./L2_Drivers/src/uart2.o
                0x00018cfc                Uart2::~Uart2()
 *fill*         0x00018d0e        0x2 
 .text._ZN5Uart2C2Ev
                0x00018d10       0x1c ./L2_Drivers/src/uart2.o
                0x00018d10                Uart2::Uart2()
                0x00018d10                Uart2::Uart2()
 .text.UART2_IRQHandler
                0x00018d2c       0x24 ./L2_Drivers/src/uart2.o
                0x00018d2c                UART2_IRQHandler
 .text._ZN5Uart3D2Ev
                0x00018d50       0x14 ./L2_Drivers/src/uart3.o
                0x00018d50                Uart3::~Uart3()
                0x00018d50                Uart3::~Uart3()
 .text._ZN5Uart3D0Ev
                0x00018d64       0x12 ./L2_Drivers/src/uart3.o
                0x00018d64                Uart3::~Uart3()
 *fill*         0x00018d76        0x2 
 .text._ZN5Uart3C2Ev
                0x00018d78       0x1c ./L2_Drivers/src/uart3.o
                0x00018d78                Uart3::Uart3()
                0x00018d78                Uart3::Uart3()
 .text.UART3_IRQHandler
                0x00018d94       0x24 ./L2_Drivers/src/uart3.o
                0x00018d94                UART3_IRQHandler
 .text._ZN7CharDev5flushEv
                0x00018db8        0x4 ./L2_Drivers/base/char_dev.o
                0x00018db8                CharDev::flush()
 .text._ZN7CharDev3putEPKcj
                0x00018dbc       0x26 ./L2_Drivers/base/char_dev.o
                0x00018dbc                CharDev::put(char const*, unsigned int)
 *fill*         0x00018de2        0x2 
 .text._ZN7CharDev7putlineEPKcj
                0x00018de4       0x1c ./L2_Drivers/base/char_dev.o
                0x00018de4                CharDev::putline(char const*, unsigned int)
 .text._ZN7CharDev4getsEPcij
                0x00018e00       0x50 ./L2_Drivers/base/char_dev.o
                0x00018e00                CharDev::gets(char*, int, unsigned int)
 .text._ZN7CharDev6printfEPKcz
                0x00018e50       0x78 ./L2_Drivers/base/char_dev.o
                0x00018e50                CharDev::printf(char const*, ...)
 .text._ZN7CharDevC2Ev
                0x00018ec8       0x20 ./L2_Drivers/base/char_dev.o
                0x00018ec8                CharDev::CharDev()
                0x00018ec8                CharDev::CharDev()
 .text._ZN7CharDevD2Ev
                0x00018ee8       0x18 ./L2_Drivers/base/char_dev.o
                0x00018ee8                CharDev::~CharDev()
                0x00018ee8                CharDev::~CharDev()
 .text._ZN8I2C_Base8transferEhhPhm
                0x00018f00       0xda ./L2_Drivers/base/i2c_base.o
                0x00018f00                I2C_Base::transfer(unsigned char, unsigned char, unsigned char*, unsigned long)
 .text._ZN8I2C_Base13readRegistersEhhPhm
                0x00018fda        0x8 ./L2_Drivers/base/i2c_base.o
                0x00018fda                I2C_Base::readRegisters(unsigned char, unsigned char, unsigned char*, unsigned long)
 .text._ZN8I2C_Base7readRegEhh
                0x00018fe2       0x1a ./L2_Drivers/base/i2c_base.o
                0x00018fe2                I2C_Base::readReg(unsigned char, unsigned char)
 .text._ZN8I2C_Base14writeRegistersEhhPhm
                0x00018ffc        0x8 ./L2_Drivers/base/i2c_base.o
                0x00018ffc                I2C_Base::writeRegisters(unsigned char, unsigned char, unsigned char*, unsigned long)
 .text._ZN8I2C_Base8writeRegEhhh
                0x00019004       0x16 ./L2_Drivers/base/i2c_base.o
                0x00019004                I2C_Base::writeReg(unsigned char, unsigned char, unsigned char)
 .text._ZN8I2C_Base19checkDeviceResponseEh
                0x0001901a       0x16 ./L2_Drivers/base/i2c_base.o
                0x0001901a                I2C_Base::checkDeviceResponse(unsigned char)
 .text._ZN8I2C_BaseC2EP15LPC_I2C_TypeDef
                0x00019030       0x5c ./L2_Drivers/base/i2c_base.o
                0x00019030                I2C_Base::I2C_Base(LPC_I2C_TypeDef*)
                0x00019030                I2C_Base::I2C_Base(LPC_I2C_TypeDef*)
 .text._ZN8I2C_Base4initEmm
                0x0001908c       0x8c ./L2_Drivers/base/i2c_base.o
                0x0001908c                I2C_Base::init(unsigned long, unsigned long)
 .text._ZN8I2C_Base15i2cStateMachineEv
                0x00019118      0x122 ./L2_Drivers/base/i2c_base.o
                0x00019118                I2C_Base::i2cStateMachine()
 *fill*         0x0001923a        0x2 
 .text._ZN8I2C_Base15handleInterruptEv
                0x0001923c       0x30 ./L2_Drivers/base/i2c_base.o
                0x0001923c                I2C_Base::handleInterrupt()
 .text._ZN7UartDevD2Ev
                0x0001926c       0x14 ./L2_Drivers/base/uart_dev.o
                0x0001926c                UartDev::~UartDev()
                0x0001926c                UartDev::~UartDev()
 .text._ZN7UartDevD0Ev
                0x00019280       0x12 ./L2_Drivers/base/uart_dev.o
                0x00019280                UartDev::~UartDev()
 .text._ZN7UartDev7putCharEcj
                0x00019292       0x5a ./L2_Drivers/base/uart_dev.o
                0x00019292                UartDev::putChar(char, unsigned int)
 .text._ZN7UartDev5flushEv
                0x000192ec       0x20 ./L2_Drivers/base/uart_dev.o
                0x000192ec                UartDev::flush()
 .text._ZN7UartDev7getCharEPcj
                0x0001930c       0x6c ./L2_Drivers/base/uart_dev.o
                0x0001930c                UartDev::getChar(char*, unsigned int)
 .text._ZN7UartDev11setBaudRateEj
                0x00019378       0x3c ./L2_Drivers/base/uart_dev.o
                0x00019378                UartDev::setBaudRate(unsigned int)
 .text._ZN7UartDev15handleInterruptEv
                0x000193b4       0xb4 ./L2_Drivers/base/uart_dev.o
                0x000193b4                UartDev::handleInterrupt()
 .text._ZN7UartDevC2EPj
                0x00019468       0x28 ./L2_Drivers/base/uart_dev.o
                0x00019468                UartDev::UartDev(unsigned int*)
                0x00019468                UartDev::UartDev(unsigned int*)
 .text._ZN7UartDev4initEjjii
                0x00019490       0xb0 ./L2_Drivers/base/uart_dev.o
                0x00019490                UartDev::init(unsigned int, unsigned int, int, int)
 .text.vListInitialise
                0x00019540       0x16 ./L1_FreeRTOS/src/list.o
                0x00019540                vListInitialise
 .text.vListInitialiseItem
                0x00019556        0x6 ./L1_FreeRTOS/src/list.o
                0x00019556                vListInitialiseItem
 .text.vListInsertEnd
                0x0001955c       0x18 ./L1_FreeRTOS/src/list.o
                0x0001955c                vListInsertEnd
 .text.vListInsert
                0x00019574       0x30 ./L1_FreeRTOS/src/list.o
                0x00019574                vListInsert
 .text.uxListRemove
                0x000195a4       0x20 ./L1_FreeRTOS/src/list.o
                0x000195a4                uxListRemove
 .text.prvCopyDataToQueue
                0x000195c4       0x6a ./L1_FreeRTOS/src/queue.o
 .text.prvNotifyQueueSetContainer
                0x0001962e       0x36 ./L1_FreeRTOS/src/queue.o
 .text.prvCopyDataFromQueue
                0x00019664       0x28 ./L1_FreeRTOS/src/queue.o
 .text.prvUnlockQueue
                0x0001968c       0x78 ./L1_FreeRTOS/src/queue.o
 .text.pvPortMalloc
                0x00019704       0x1e ./L1_FreeRTOS/src/queue.o
                0x00019704                pvPortMalloc
 .text.vPortFree
                0x00019722       0x1a ./L1_FreeRTOS/src/queue.o
                0x00019722                vPortFree
 .text.xQueueGenericReset
                0x0001973c       0x5a ./L1_FreeRTOS/src/queue.o
                0x0001973c                xQueueGenericReset
 .text.xQueueGenericCreate
                0x00019796       0x50 ./L1_FreeRTOS/src/queue.o
                0x00019796                xQueueGenericCreate
 .text.xQueueCreateCountingSemaphore
                0x000197e6       0x12 ./L1_FreeRTOS/src/queue.o
                0x000197e6                xQueueCreateCountingSemaphore
 .text.xQueueGenericSend
                0x000197f8       0xe6 ./L1_FreeRTOS/src/queue.o
                0x000197f8                xQueueGenericSend
 .text.xQueueCreateMutex
                0x000198de       0x4c ./L1_FreeRTOS/src/queue.o
                0x000198de                xQueueCreateMutex
 .text.xQueueGenericSendFromISR
                0x0001992a       0x76 ./L1_FreeRTOS/src/queue.o
                0x0001992a                xQueueGenericSendFromISR
 .text.xQueueGenericReceive
                0x000199a0      0x102 ./L1_FreeRTOS/src/queue.o
                0x000199a0                xQueueGenericReceive
 .text.xQueueReceiveFromISR
                0x00019aa2       0x52 ./L1_FreeRTOS/src/queue.o
                0x00019aa2                xQueueReceiveFromISR
 .text.uxQueueMessagesWaiting
                0x00019af4       0x12 ./L1_FreeRTOS/src/queue.o
                0x00019af4                uxQueueMessagesWaiting
 .text.uxQueueMessagesWaitingFromISR
                0x00019b06        0x4 ./L1_FreeRTOS/src/queue.o
                0x00019b06                uxQueueMessagesWaitingFromISR
 .text.xQueueSelectFromSet
                0x00019b0a       0x18 ./L1_FreeRTOS/src/queue.o
                0x00019b0a                xQueueSelectFromSet
 .text.prvResetRunTimeStatsInList
                0x00019b22       0x2e ./L1_FreeRTOS/src/tasks.o
 .text.prvIdleTask
                0x00019b50       0x18 ./L1_FreeRTOS/src/tasks.o
 .text.prvListTaskWithinSingleList
                0x00019b68       0x9e ./L1_FreeRTOS/src/tasks.o
 *fill*         0x00019c06        0x2 
 .text.prvResetNextTaskUnblockTime
                0x00019c08       0x24 ./L1_FreeRTOS/src/tasks.o
 .text.prvAddCurrentTaskToDelayedList
                0x00019c2c       0x50 ./L1_FreeRTOS/src/tasks.o
 .text.xTaskGenericCreate
                0x00019c7c      0x1a0 ./L1_FreeRTOS/src/tasks.o
                0x00019c7c                xTaskGenericCreate
 .text.vTaskStartScheduler
                0x00019e1c       0x54 ./L1_FreeRTOS/src/tasks.o
                0x00019e1c                vTaskStartScheduler
 .text.vTaskEndScheduler
                0x00019e70       0x18 ./L1_FreeRTOS/src/tasks.o
                0x00019e70                vTaskEndScheduler
 .text.vTaskSuspendAll
                0x00019e88       0x10 ./L1_FreeRTOS/src/tasks.o
                0x00019e88                vTaskSuspendAll
 .text.xTaskGetTickCount
                0x00019e98       0x18 ./L1_FreeRTOS/src/tasks.o
                0x00019e98                xTaskGetTickCount
 .text.xTaskGetTickCountFromISR
                0x00019eb0       0x18 ./L1_FreeRTOS/src/tasks.o
                0x00019eb0                xTaskGetTickCountFromISR
 .text.uxTaskGetNumberOfTasks
                0x00019ec8        0xc ./L1_FreeRTOS/src/tasks.o
                0x00019ec8                uxTaskGetNumberOfTasks
 .text.xTaskIncrementTick
                0x00019ed4       0xfc ./L1_FreeRTOS/src/tasks.o
                0x00019ed4                xTaskIncrementTick
 .text.xTaskResumeAll
                0x00019fd0       0xc0 ./L1_FreeRTOS/src/tasks.o
                0x00019fd0                xTaskResumeAll
 .text.vTaskDelayUntil
                0x0001a090       0x74 ./L1_FreeRTOS/src/tasks.o
                0x0001a090                vTaskDelayUntil
 .text.vTaskDelay
                0x0001a104       0x54 ./L1_FreeRTOS/src/tasks.o
                0x0001a104                vTaskDelay
 .text.uxTaskGetSystemState
                0x0001a158       0x88 ./L1_FreeRTOS/src/tasks.o
                0x0001a158                uxTaskGetSystemState
 .text.vTaskSwitchContext
                0x0001a1e0       0xcc ./L1_FreeRTOS/src/tasks.o
                0x0001a1e0                vTaskSwitchContext
 .text.vTaskSuspend
                0x0001a2ac       0xa4 ./L1_FreeRTOS/src/tasks.o
                0x0001a2ac                vTaskSuspend
 .text.vTaskPlaceOnEventList
                0x0001a350       0x5c ./L1_FreeRTOS/src/tasks.o
                0x0001a350                vTaskPlaceOnEventList
 .text.xTaskRemoveFromEventList
                0x0001a3ac       0x6c ./L1_FreeRTOS/src/tasks.o
                0x0001a3ac                xTaskRemoveFromEventList
 .text.vTaskSetTimeOutState
                0x0001a418       0x18 ./L1_FreeRTOS/src/tasks.o
                0x0001a418                vTaskSetTimeOutState
 .text.xTaskCheckForTimeOut
                0x0001a430       0x4c ./L1_FreeRTOS/src/tasks.o
                0x0001a430                xTaskCheckForTimeOut
 .text.vTaskMissedYield
                0x0001a47c        0xc ./L1_FreeRTOS/src/tasks.o
                0x0001a47c                vTaskMissedYield
 .text.uxTaskGetStackHighWaterMark
                0x0001a488       0x20 ./L1_FreeRTOS/src/tasks.o
                0x0001a488                uxTaskGetStackHighWaterMark
 .text.xTaskGetSchedulerState
                0x0001a4a8       0x20 ./L1_FreeRTOS/src/tasks.o
                0x0001a4a8                xTaskGetSchedulerState
 .text.vTaskPriorityInherit
                0x0001a4c8       0x94 ./L1_FreeRTOS/src/tasks.o
                0x0001a4c8                vTaskPriorityInherit
 .text.xTaskPriorityDisinherit
                0x0001a55c       0x70 ./L1_FreeRTOS/src/tasks.o
                0x0001a55c                xTaskPriorityDisinherit
 .text.pvTaskIncrementMutexHeldCount
                0x0001a5cc       0x18 ./L1_FreeRTOS/src/tasks.o
                0x0001a5cc                pvTaskIncrementMutexHeldCount
 .text.vTaskResetRunTimeStats
                0x0001a5e4       0x70 ./L1_FreeRTOS/src/tasks.o
                0x0001a5e4                vTaskResetRunTimeStats
 .text.vRunTimeStatIsrEntry
                0x0001a654       0x28 ./L1_FreeRTOS/src/tasks.o
                0x0001a654                vRunTimeStatIsrEntry
 .text.vRunTimeStatIsrExit
                0x0001a67c       0x10 ./L1_FreeRTOS/src/tasks.o
                0x0001a67c                vRunTimeStatIsrExit
 .text.prvPortStartFirstTask
                0x0001a68c       0x20 ./L1_FreeRTOS/portable/no_mpu/port.o
 .text.pxPortInitialiseStack
                0x0001a6ac       0x1c ./L1_FreeRTOS/portable/no_mpu/port.o
                0x0001a6ac                pxPortInitialiseStack
 .text.vPortSVCHandler
                0x0001a6c8       0x24 ./L1_FreeRTOS/portable/no_mpu/port.o
                0x0001a6c8                vPortSVCHandler
 .text.vPortEndScheduler
                0x0001a6ec        0x2 ./L1_FreeRTOS/portable/no_mpu/port.o
                0x0001a6ec                vPortEndScheduler
 *fill*         0x0001a6ee        0x2 
 .text.vPortYield
                0x0001a6f0       0x18 ./L1_FreeRTOS/portable/no_mpu/port.o
                0x0001a6f0                vPortYield
 .text.ulPortSetInterruptMask
                0x0001a708       0x10 ./L1_FreeRTOS/portable/no_mpu/port.o
                0x0001a708                ulPortSetInterruptMask
 .text.prvTaskExitError
                0x0001a718        0x8 ./L1_FreeRTOS/portable/no_mpu/port.o
 .text.vPortEnterCritical
                0x0001a720       0x1c ./L1_FreeRTOS/portable/no_mpu/port.o
                0x0001a720                vPortEnterCritical
 .text.vPortClearInterruptMask
                0x0001a73c        0x6 ./L1_FreeRTOS/portable/no_mpu/port.o
                0x0001a73c                vPortClearInterruptMask
 *fill*         0x0001a742        0x2 
 .text.vPortExitCritical
                0x0001a744       0x14 ./L1_FreeRTOS/portable/no_mpu/port.o
                0x0001a744                vPortExitCritical
 .text.xPortPendSVHandler
                0x0001a758       0x44 ./L1_FreeRTOS/portable/no_mpu/port.o
                0x0001a758                xPortPendSVHandler
 .text.xPortSysTickHandler
                0x0001a79c       0x24 ./L1_FreeRTOS/portable/no_mpu/port.o
                0x0001a79c                xPortSysTickHandler
 .text.vPortSetupTimerInterrupt
                0x0001a7c0       0x14 ./L1_FreeRTOS/portable/no_mpu/port.o
                0x0001a7c0                vPortSetupTimerInterrupt
 .text.xPortStartScheduler
                0x0001a7d4       0x30 ./L1_FreeRTOS/portable/no_mpu/port.o
                0x0001a7d4                xPortStartScheduler
 .text.vConfigureTimerForRunTimeStats
                0x0001a804       0x14 ./L1_FreeRTOS/portable/run_time_stats.o
                0x0001a804                vConfigureTimerForRunTimeStats
 .text.uxGetTimerForRunTimeStats
                0x0001a818       0x14 ./L1_FreeRTOS/portable/run_time_stats.o
                0x0001a818                uxGetTimerForRunTimeStats
 .text.resetRunTimeCounter
                0x0001a82c       0x14 ./L1_FreeRTOS/portable/run_time_stats.o
                0x0001a82c                resetRunTimeCounter
 .text.vApplicationIdleHook
                0x0001a840        0x4 ./L1_FreeRTOS/hooks/hooks.o
                0x0001a840                vApplicationIdleHook
 .text.vApplicationStackOverflowHook
                0x0001a844       0x38 ./L1_FreeRTOS/hooks/hooks.o
                0x0001a844                vApplicationStackOverflowHook
 .text.vApplicationMallocFailedHook
                0x0001a87c       0x24 ./L1_FreeRTOS/hooks/hooks.o
                0x0001a87c                vApplicationMallocFailedHook
 .text.__set_PSP
                0x0001a8a0        0x6 ./L0_LowLevel/source/core_cm3.o
                0x0001a8a0                __set_PSP
 .text.__set_MSP
                0x0001a8a6        0x6 ./L0_LowLevel/source/core_cm3.o
                0x0001a8a6                __set_MSP
 .text.__set_BASEPRI
                0x0001a8ac        0x6 ./L0_LowLevel/source/core_cm3.o
                0x0001a8ac                __set_BASEPRI
 *fill*         0x0001a8b2        0x2 
 .text.sys_get_boot_type
                0x0001a8b4        0xc ./L0_LowLevel/source/low_level_init.o
                0x0001a8b4                sys_get_boot_type
 .text.sys_get_boot_time
                0x0001a8c0       0x14 ./L0_LowLevel/source/low_level_init.o
                0x0001a8c0                sys_get_boot_time
 .text._Z14low_level_initv
                0x0001a8d4      0x238 ./L0_LowLevel/source/low_level_init.o
                0x0001a8d4                low_level_init()
 .text.lpc_pconp
                0x0001ab0c       0x30 ./L0_LowLevel/source/lpc_peripherals.o
                0x0001ab0c                lpc_pconp
 .text.lpc_pclk
                0x0001ab3c       0x4c ./L0_LowLevel/source/lpc_peripherals.o
                0x0001ab3c                lpc_pclk
 .text.lpc_sys_setup_system_timer
                0x0001ab88       0x54 ./L0_LowLevel/source/lpc_sys.o
                0x0001ab88                lpc_sys_setup_system_timer
 .text.sys_get_uptime_us
                0x0001abdc       0x28 ./L0_LowLevel/source/lpc_sys.o
                0x0001abdc                sys_get_uptime_us
 .text.sys_get_mem_info_str
                0x0001ac04       0x38 ./L0_LowLevel/source/lpc_sys.o
                0x0001ac04                sys_get_mem_info_str
 .text.TIMER1_IRQHandler
                0x0001ac3c       0xbc ./L0_LowLevel/source/lpc_sys.o
                0x0001ac3c                TIMER1_IRQHandler
 .text.isr_forwarder_routine
                0x0001acf8       0x3c ./L0_LowLevel/source/startup.o
 .text.isr_hard_fault_handler
                0x0001ad34       0x58 ./L0_LowLevel/source/startup.o
                0x0001ad34                isr_hard_fault_handler
 .text._ZL19sys_clock_pll0_feedv
                0x0001ad8c       0x14 ./L0_LowLevel/source/sys_clock.o
 .text._ZL23sys_clock_configure_plljjPiS_S_.constprop.0
                0x0001ada0       0x7c ./L0_LowLevel/source/sys_clock.o
 .text._Z19sys_clock_configurev
                0x0001ae1c       0xb0 ./L0_LowLevel/source/sys_clock.o
                0x0001ae1c                sys_clock_configure()
 .text.sys_get_cpu_clock
                0x0001aecc       0xa4 ./L0_LowLevel/source/sys_clock.o
                0x0001aecc                sys_get_cpu_clock
 .text.uart0_init
                0x0001af70       0x60 ./L0_LowLevel/source/uart0_min.o
                0x0001af70                uart0_init
 .text.uart0_getchar
                0x0001afd0       0x18 ./L0_LowLevel/source/uart0_min.o
                0x0001afd0                uart0_getchar
 .text.uart0_putchar
                0x0001afe8       0x18 ./L0_LowLevel/source/uart0_min.o
                0x0001afe8                uart0_putchar
 .text.uart0_puts
                0x0001b000       0x1a ./L0_LowLevel/source/uart0_min.o
                0x0001b000                uart0_puts
 .text._ZNK10__cxxabiv117__class_type_info11__do_upcastEPKS0_PPv
                0x0001b01a       0x34 c:/sjsu_dev/toolchain/bin/../lib/gcc/arm-none-eabi/4.9.3/../../../../arm-none-eabi/lib/armv7-m\libstdc++_nano.a(class_type_info.o)
                0x0001b01a                __cxxabiv1::__class_type_info::__do_upcast(__cxxabiv1::__class_type_info const*, void**) const
 .text._ZNK10__cxxabiv117__class_type_info20__do_find_public_srcEiPKvPKS0_S2_
                0x0001b04e        0xc c:/sjsu_dev/toolchain/bin/../lib/gcc/arm-none-eabi/4.9.3/../../../../arm-none-eabi/lib/armv7-m\libstdc++_nano.a(class_type_info.o)
                0x0001b04e                __cxxabiv1::__class_type_info::__do_find_public_src(int, void const*, __cxxabiv1::__class_type_info const*, void const*) const
 *fill*         0x0001b05a        0x2 
 .text._ZN10__cxxabiv117__class_type_infoD2Ev
                0x0001b05c       0x14 c:/sjsu_dev/toolchain/bin/../lib/gcc/arm-none-eabi/4.9.3/../../../../arm-none-eabi/lib/armv7-m\libstdc++_nano.a(class_type_info.o)
                0x0001b05c                __cxxabiv1::__class_type_info::~__class_type_info()
                0x0001b05c                __cxxabiv1::__class_type_info::~__class_type_info()
 .text._ZN10__cxxabiv117__class_type_infoD0Ev
                0x0001b070       0x12 c:/sjsu_dev/toolchain/bin/../lib/gcc/arm-none-eabi/4.9.3/../../../../arm-none-eabi/lib/armv7-m\libstdc++_nano.a(class_type_info.o)
                0x0001b070                __cxxabiv1::__class_type_info::~__class_type_info()
 .text._ZNK10__cxxabiv117__class_type_info11__do_upcastEPKS0_PKvRNS0_15__upcast_resultE
                0x0001b082       0x18 c:/sjsu_dev/toolchain/bin/../lib/gcc/arm-none-eabi/4.9.3/../../../../arm-none-eabi/lib/armv7-m\libstdc++_nano.a(class_type_info.o)
                0x0001b082                __cxxabiv1::__class_type_info::__do_upcast(__cxxabiv1::__class_type_info const*, void const*, __cxxabiv1::__class_type_info::__upcast_result&) const
 .text._ZNK10__cxxabiv117__class_type_info10__do_catchEPKSt9type_infoPPvj
                0x0001b09a       0x2a c:/sjsu_dev/toolchain/bin/../lib/gcc/arm-none-eabi/4.9.3/../../../../arm-none-eabi/lib/armv7-m\libstdc++_nano.a(class_type_info.o)
                0x0001b09a                __cxxabiv1::__class_type_info::__do_catch(std::type_info const*, void**, unsigned int) const
 .text._ZNK10__cxxabiv117__class_type_info12__do_dyncastEiNS0_10__sub_kindEPKS0_PKvS3_S5_RNS0_16__dyncast_resultE
                0x0001b0c4       0x38 c:/sjsu_dev/toolchain/bin/../lib/gcc/arm-none-eabi/4.9.3/../../../../arm-none-eabi/lib/armv7-m\libstdc++_nano.a(class_type_info.o)
                0x0001b0c4                __cxxabiv1::__class_type_info::__do_dyncast(int, __cxxabiv1::__class_type_info::__sub_kind, __cxxabiv1::__class_type_info const*, void const*, __cxxabiv1::__class_type_info const*, void const*, __cxxabiv1::__class_type_info::__dyncast_result&) const
 .text.__cxa_guard_acquire
                0x0001b0fc       0x18 c:/sjsu_dev/toolchain/bin/../lib/gcc/arm-none-eabi/4.9.3/../../../../arm-none-eabi/lib/armv7-m\libstdc++_nano.a(guard.o)
                0x0001b0fc                __cxa_guard_acquire
 .text.__cxa_guard_release
                0x0001b114        0x6 c:/sjsu_dev/toolchain/bin/../lib/gcc/arm-none-eabi/4.9.3/../../../../arm-none-eabi/lib/armv7-m\libstdc++_nano.a(guard.o)
                0x0001b114                __cxa_guard_release
 *fill*         0x0001b11a        0x2 
 .text._ZN10__cxxabiv121__vmi_class_type_infoD2Ev
                0x0001b11c       0x14 c:/sjsu_dev/toolchain/bin/../lib/gcc/arm-none-eabi/4.9.3/../../../../arm-none-eabi/lib/armv7-m\libstdc++_nano.a(vmi_class_type_info.o)
                0x0001b11c                __cxxabiv1::__vmi_class_type_info::~__vmi_class_type_info()
                0x0001b11c                __cxxabiv1::__vmi_class_type_info::~__vmi_class_type_info()
 .text._ZN10__cxxabiv121__vmi_class_type_infoD0Ev
                0x0001b130       0x12 c:/sjsu_dev/toolchain/bin/../lib/gcc/arm-none-eabi/4.9.3/../../../../arm-none-eabi/lib/armv7-m\libstdc++_nano.a(vmi_class_type_info.o)
                0x0001b130                __cxxabiv1::__vmi_class_type_info::~__vmi_class_type_info()
 .text._ZNK10__cxxabiv121__vmi_class_type_info20__do_find_public_srcEiPKvPKNS_17__class_type_infoES2_
                0x0001b142       0x76 c:/sjsu_dev/toolchain/bin/../lib/gcc/arm-none-eabi/4.9.3/../../../../arm-none-eabi/lib/armv7-m\libstdc++_nano.a(vmi_class_type_info.o)
                0x0001b142                __cxxabiv1::__vmi_class_type_info::__do_find_public_src(int, void const*, __cxxabiv1::__class_type_info const*, void const*) const
 .text._ZNK10__cxxabiv117__class_type_info17__find_public_srcEiPKvPKS0_S2_
                0x0001b1b8       0x2a c:/sjsu_dev/toolchain/bin/../lib/gcc/arm-none-eabi/4.9.3/../../../../arm-none-eabi/lib/armv7-m\libstdc++_nano.a(vmi_class_type_info.o)
                0x0001b1b8                __cxxabiv1::__class_type_info::__find_public_src(int, void const*, __cxxabiv1::__class_type_info const*, void const*) const
 .text._ZNK10__cxxabiv121__vmi_class_type_info12__do_dyncastEiNS_17__class_type_info10__sub_kindEPKS1_PKvS4_S6_RNS1_16__dyncast_resultE
                0x0001b1e2      0x284 c:/sjsu_dev/toolchain/bin/../lib/gcc/arm-none-eabi/4.9.3/../../../../arm-none-eabi/lib/armv7-m\libstdc++_nano.a(vmi_class_type_info.o)
                0x0001b1e2                __cxxabiv1::__vmi_class_type_info::__do_dyncast(int, __cxxabiv1::__class_type_info::__sub_kind, __cxxabiv1::__class_type_info const*, void const*, __cxxabiv1::__class_type_info const*, void const*, __cxxabiv1::__class_type_info::__dyncast_result&) const
 .text._ZNK10__cxxabiv121__vmi_class_type_info11__do_upcastEPKNS_17__class_type_infoEPKvRNS1_15__upcast_resultE
                0x0001b466      0x12e c:/sjsu_dev/toolchain/bin/../lib/gcc/arm-none-eabi/4.9.3/../../../../arm-none-eabi/lib/armv7-m\libstdc++_nano.a(vmi_class_type_info.o)
                0x0001b466                __cxxabiv1::__vmi_class_type_info::__do_upcast(__cxxabiv1::__class_type_info const*, void const*, __cxxabiv1::__class_type_info::__upcast_result&) const
 .text._ZN10__cxxabiv120__si_class_type_infoD2Ev
                0x0001b594       0x14 c:/sjsu_dev/toolchain/bin/../lib/gcc/arm-none-eabi/4.9.3/../../../../arm-none-eabi/lib/armv7-m\libstdc++_nano.a(si_class_type_info.o)
                0x0001b594                __cxxabiv1::__si_class_type_info::~__si_class_type_info()
                0x0001b594                __cxxabiv1::__si_class_type_info::~__si_class_type_info()
 .text._ZN10__cxxabiv120__si_class_type_infoD0Ev
                0x0001b5a8       0x12 c:/sjsu_dev/toolchain/bin/../lib/gcc/arm-none-eabi/4.9.3/../../../../arm-none-eabi/lib/armv7-m\libstdc++_nano.a(si_class_type_info.o)
                0x0001b5a8                __cxxabiv1::__si_class_type_info::~__si_class_type_info()
 .text._ZNK10__cxxabiv120__si_class_type_info20__do_find_public_srcEiPKvPKNS_17__class_type_infoES2_
                0x0001b5ba       0x38 c:/sjsu_dev/toolchain/bin/../lib/gcc/arm-none-eabi/4.9.3/../../../../arm-none-eabi/lib/armv7-m\libstdc++_nano.a(si_class_type_info.o)
                0x0001b5ba                __cxxabiv1::__si_class_type_info::__do_find_public_src(int, void const*, __cxxabiv1::__class_type_info const*, void const*) const
 .text._ZNK10__cxxabiv120__si_class_type_info12__do_dyncastEiNS_17__class_type_info10__sub_kindEPKS1_PKvS4_S6_RNS1_16__dyncast_resultE
                0x0001b5f2       0x7c c:/sjsu_dev/toolchain/bin/../lib/gcc/arm-none-eabi/4.9.3/../../../../arm-none-eabi/lib/armv7-m\libstdc++_nano.a(si_class_type_info.o)
                0x0001b5f2                __cxxabiv1::__si_class_type_info::__do_dyncast(int, __cxxabiv1::__class_type_info::__sub_kind, __cxxabiv1::__class_type_info const*, void const*, __cxxabiv1::__class_type_info const*, void const*, __cxxabiv1::__class_type_info::__dyncast_result&) const
 .text._ZNK10__cxxabiv120__si_class_type_info11__do_upcastEPKNS_17__class_type_infoEPKvRNS1_15__upcast_resultE
                0x0001b66e       0x2a c:/sjsu_dev/toolchain/bin/../lib/gcc/arm-none-eabi/4.9.3/../../../../arm-none-eabi/lib/armv7-m\libstdc++_nano.a(si_class_type_info.o)
                0x0001b66e                __cxxabiv1::__si_class_type_info::__do_upcast(__cxxabiv1::__class_type_info const*, void const*, __cxxabiv1::__class_type_info::__upcast_result&) const
 .text.__cxa_pure_virtual
                0x0001b698       0x14 c:/sjsu_dev/toolchain/bin/../lib/gcc/arm-none-eabi/4.9.3/../../../../arm-none-eabi/lib/armv7-m\libstdc++_nano.a(pure.o)
                0x0001b698                __cxa_pure_virtual
 .text._ZN10__cxxabiv111__terminateEPFvvE
                0x0001b6ac        0x8 c:/sjsu_dev/toolchain/bin/../lib/gcc/arm-none-eabi/4.9.3/../../../../arm-none-eabi/lib/armv7-m\libstdc++_nano.a(eh_terminate.o)
                0x0001b6ac                __cxxabiv1::__terminate(void (*)())
 .text._ZSt13get_terminatev
                0x0001b6b4       0x10 c:/sjsu_dev/toolchain/bin/../lib/gcc/arm-none-eabi/4.9.3/../../../../arm-none-eabi/lib/armv7-m\libstdc++_nano.a(eh_terminate.o)
                0x0001b6b4                std::get_terminate()
 .text._ZSt9terminatev
                0x0001b6c4        0xa c:/sjsu_dev/toolchain/bin/../lib/gcc/arm-none-eabi/4.9.3/../../../../arm-none-eabi/lib/armv7-m\libstdc++_nano.a(eh_terminate.o)
                0x0001b6c4                std::terminate()
 .text._ZNSt9type_infoD2Ev
                0x0001b6ce        0x2 c:/sjsu_dev/toolchain/bin/../lib/gcc/arm-none-eabi/4.9.3/../../../../arm-none-eabi/lib/armv7-m\libstdc++_nano.a(tinfo.o)
                0x0001b6ce                std::type_info::~type_info()